[0.054s] Invoking command in '/Users/davidm/Documents/repos/ucl/COMP0246_Labs/lab1submission/ros2_ws/build/franka_description': CMAKE_PREFIX_PATH=${CMAKE_PREFIX_PATH}:/Users/davidm/Documents/repos/ucl/COMP0246_Labs/lab1submission/ros2_ws/install/youbot_kinematics:/Users/davidm/Documents/repos/ucl/COMP0246_Labs/lab1submission/ros2_ws/install/youbot_description:/Users/davidm/Documents/repos/ucl/COMP0246_Labs/lab1submission/ros2_ws/install/transform_helpers:/Users/davidm/Documents/repos/ucl/COMP0246_Labs/lab1submission/ros2_ws/install/py_srvcli:/Users/davidm/miniforge3/envs/roboenv-py3.10 CONDA_PROMPT_MODIFIER=(roboenv-py3.10) SHLVL=2 _=/usr/bin/env /Users/davidm/miniforge3/envs/roboenv-py3.10/bin/cmake --build /Users/davidm/Documents/repos/ucl/COMP0246_Labs/lab1submission/ros2_ws/build/franka_description -- -j8 -l8
[1.929s] Invoked command in '/Users/davidm/Documents/repos/ucl/COMP0246_Labs/lab1submission/ros2_ws/build/franka_description' returned '0': CMAKE_PREFIX_PATH=${CMAKE_PREFIX_PATH}:/Users/davidm/Documents/repos/ucl/COMP0246_Labs/lab1submission/ros2_ws/install/youbot_kinematics:/Users/davidm/Documents/repos/ucl/COMP0246_Labs/lab1submission/ros2_ws/install/youbot_description:/Users/davidm/Documents/repos/ucl/COMP0246_Labs/lab1submission/ros2_ws/install/transform_helpers:/Users/davidm/Documents/repos/ucl/COMP0246_Labs/lab1submission/ros2_ws/install/py_srvcli:/Users/davidm/miniforge3/envs/roboenv-py3.10 CONDA_PROMPT_MODIFIER=(roboenv-py3.10) SHLVL=2 _=/usr/bin/env /Users/davidm/miniforge3/envs/roboenv-py3.10/bin/cmake --build /Users/davidm/Documents/repos/ucl/COMP0246_Labs/lab1submission/ros2_ws/build/franka_description -- -j8 -l8
[1.959s] Invoking command in '/Users/davidm/Documents/repos/ucl/COMP0246_Labs/lab1submission/ros2_ws/build/franka_description': CMAKE_PREFIX_PATH=${CMAKE_PREFIX_PATH}:/Users/davidm/Documents/repos/ucl/COMP0246_Labs/lab1submission/ros2_ws/install/youbot_kinematics:/Users/davidm/Documents/repos/ucl/COMP0246_Labs/lab1submission/ros2_ws/install/youbot_description:/Users/davidm/Documents/repos/ucl/COMP0246_Labs/lab1submission/ros2_ws/install/transform_helpers:/Users/davidm/Documents/repos/ucl/COMP0246_Labs/lab1submission/ros2_ws/install/py_srvcli:/Users/davidm/miniforge3/envs/roboenv-py3.10 CONDA_PROMPT_MODIFIER=(roboenv-py3.10) SHLVL=2 _=/usr/bin/env /Users/davidm/miniforge3/envs/roboenv-py3.10/bin/cmake --install /Users/davidm/Documents/repos/ucl/COMP0246_Labs/lab1submission/ros2_ws/build/franka_description
[1.982s] -- Install configuration: ""
[1.983s] -- Up-to-date: /Users/davidm/Documents/repos/ucl/COMP0246_Labs/lab1submission/ros2_ws/install/franka_description/share/franka_description//launch
[1.983s] -- Up-to-date: /Users/davidm/Documents/repos/ucl/COMP0246_Labs/lab1submission/ros2_ws/install/franka_description/share/franka_description//launch/visualize_franka.launch.py
[1.984s] -- Up-to-date: /Users/davidm/Documents/repos/ucl/COMP0246_Labs/lab1submission/ros2_ws/install/franka_description/share/franka_description//robots
[1.985s] -- Up-to-date: /Users/davidm/Documents/repos/ucl/COMP0246_Labs/lab1submission/ros2_ws/install/franka_description/share/franka_description//robots/fp3
[1.985s] -- Up-to-date: /Users/davidm/Documents/repos/ucl/COMP0246_Labs/lab1submission/ros2_ws/install/franka_description/share/franka_description//robots/fp3/joint_limits.yaml
[1.986s] -- Up-to-date: /Users/davidm/Documents/repos/ucl/COMP0246_Labs/lab1submission/ros2_ws/install/franka_description/share/franka_description//robots/fp3/fp3.urdf.xacro
[1.986s] -- Up-to-date: /Users/davidm/Documents/repos/ucl/COMP0246_Labs/lab1submission/ros2_ws/install/franka_description/share/franka_description//robots/fp3/kinematics.yaml
[1.987s] -- Up-to-date: /Users/davidm/Documents/repos/ucl/COMP0246_Labs/lab1submission/ros2_ws/install/franka_description/share/franka_description//robots/fp3/dynamics.yaml
[1.988s] -- Up-to-date: /Users/davidm/Documents/repos/ucl/COMP0246_Labs/lab1submission/ros2_ws/install/franka_description/share/franka_description//robots/fp3/inertials.yaml
[1.988s] -- Up-to-date: /Users/davidm/Documents/repos/ucl/COMP0246_Labs/lab1submission/ros2_ws/install/franka_description/share/franka_description//robots/fr3
[1.989s] -- Up-to-date: /Users/davidm/Documents/repos/ucl/COMP0246_Labs/lab1submission/ros2_ws/install/franka_description/share/franka_description//robots/fr3/joint_limits.yaml
[1.990s] -- Up-to-date: /Users/davidm/Documents/repos/ucl/COMP0246_Labs/lab1submission/ros2_ws/install/franka_description/share/franka_description//robots/fr3/kinematics.yaml
[1.990s] -- Up-to-date: /Users/davidm/Documents/repos/ucl/COMP0246_Labs/lab1submission/ros2_ws/install/franka_description/share/franka_description//robots/fr3/dynamics.yaml
[1.991s] -- Up-to-date: /Users/davidm/Documents/repos/ucl/COMP0246_Labs/lab1submission/ros2_ws/install/franka_description/share/franka_description//robots/fr3/inertials.yaml
[1.992s] -- Up-to-date: /Users/davidm/Documents/repos/ucl/COMP0246_Labs/lab1submission/ros2_ws/install/franka_description/share/franka_description//robots/fr3/fr3.urdf.xacro
[1.992s] -- Up-to-date: /Users/davidm/Documents/repos/ucl/COMP0246_Labs/lab1submission/ros2_ws/install/franka_description/share/franka_description//robots/common
[1.993s] -- Up-to-date: /Users/davidm/Documents/repos/ucl/COMP0246_Labs/lab1submission/ros2_ws/install/franka_description/share/franka_description//robots/common/franka_arm.ros2_control.xacro
[1.993s] -- Up-to-date: /Users/davidm/Documents/repos/ucl/COMP0246_Labs/lab1submission/ros2_ws/install/franka_description/share/franka_description//robots/common/franka_robot.xacro
[1.994s] -- Up-to-date: /Users/davidm/Documents/repos/ucl/COMP0246_Labs/lab1submission/ros2_ws/install/franka_description/share/franka_description//robots/common/franka_arm.xacro
[1.994s] -- Up-to-date: /Users/davidm/Documents/repos/ucl/COMP0246_Labs/lab1submission/ros2_ws/install/franka_description/share/franka_description//robots/common/utils.xacro
[1.995s] -- Up-to-date: /Users/davidm/Documents/repos/ucl/COMP0246_Labs/lab1submission/ros2_ws/install/franka_description/share/franka_description//robots/fer
[1.995s] -- Up-to-date: /Users/davidm/Documents/repos/ucl/COMP0246_Labs/lab1submission/ros2_ws/install/franka_description/share/franka_description//robots/fer/joint_limits.yaml
[1.996s] -- Up-to-date: /Users/davidm/Documents/repos/ucl/COMP0246_Labs/lab1submission/ros2_ws/install/franka_description/share/franka_description//robots/fer/kinematics.yaml
[1.997s] -- Up-to-date: /Users/davidm/Documents/repos/ucl/COMP0246_Labs/lab1submission/ros2_ws/install/franka_description/share/franka_description//robots/fer/dynamics.yaml
[1.997s] -- Up-to-date: /Users/davidm/Documents/repos/ucl/COMP0246_Labs/lab1submission/ros2_ws/install/franka_description/share/franka_description//robots/fer/inertials.yaml
[1.998s] -- Up-to-date: /Users/davidm/Documents/repos/ucl/COMP0246_Labs/lab1submission/ros2_ws/install/franka_description/share/franka_description//robots/fer/fer.urdf.xacro
[1.998s] -- Up-to-date: /Users/davidm/Documents/repos/ucl/COMP0246_Labs/lab1submission/ros2_ws/install/franka_description/share/franka_description//end_effectors
[1.998s] -- Up-to-date: /Users/davidm/Documents/repos/ucl/COMP0246_Labs/lab1submission/ros2_ws/install/franka_description/share/franka_description//end_effectors/cobot_pump
[1.998s] -- Up-to-date: /Users/davidm/Documents/repos/ucl/COMP0246_Labs/lab1submission/ros2_ws/install/franka_description/share/franka_description//end_effectors/cobot_pump/cobot_pump.urdf.xacro
[1.998s] -- Up-to-date: /Users/davidm/Documents/repos/ucl/COMP0246_Labs/lab1submission/ros2_ws/install/franka_description/share/franka_description//end_effectors/cobot_pump/inertials.yaml
[1.998s] -- Up-to-date: /Users/davidm/Documents/repos/ucl/COMP0246_Labs/lab1submission/ros2_ws/install/franka_description/share/franka_description//end_effectors/cobot_pump/cobot_pump_arguments.xacro
[1.998s] -- Up-to-date: /Users/davidm/Documents/repos/ucl/COMP0246_Labs/lab1submission/ros2_ws/install/franka_description/share/franka_description//end_effectors/franka_hand
[1.998s] -- Up-to-date: /Users/davidm/Documents/repos/ucl/COMP0246_Labs/lab1submission/ros2_ws/install/franka_description/share/franka_description//end_effectors/franka_hand/franka_hand.urdf.xacro
[1.998s] -- Up-to-date: /Users/davidm/Documents/repos/ucl/COMP0246_Labs/lab1submission/ros2_ws/install/franka_description/share/franka_description//end_effectors/franka_hand/franka_hand_arguments.xacro
[1.998s] -- Up-to-date: /Users/davidm/Documents/repos/ucl/COMP0246_Labs/lab1submission/ros2_ws/install/franka_description/share/franka_description//end_effectors/franka_hand/inertials.yaml
[1.998s] -- Up-to-date: /Users/davidm/Documents/repos/ucl/COMP0246_Labs/lab1submission/ros2_ws/install/franka_description/share/franka_description//end_effectors/common
[1.999s] -- Up-to-date: /Users/davidm/Documents/repos/ucl/COMP0246_Labs/lab1submission/ros2_ws/install/franka_description/share/franka_description//end_effectors/common/ee_with_one_link.xacro
[2.000s] -- Up-to-date: /Users/davidm/Documents/repos/ucl/COMP0246_Labs/lab1submission/ros2_ws/install/franka_description/share/franka_description//end_effectors/common/franka_hand.xacro
[2.000s] -- Up-to-date: /Users/davidm/Documents/repos/ucl/COMP0246_Labs/lab1submission/ros2_ws/install/franka_description/share/franka_description//end_effectors/common/utils.xacro
[2.001s] -- Up-to-date: /Users/davidm/Documents/repos/ucl/COMP0246_Labs/lab1submission/ros2_ws/install/franka_description/share/franka_description//meshes
[2.001s] -- Up-to-date: /Users/davidm/Documents/repos/ucl/COMP0246_Labs/lab1submission/ros2_ws/install/franka_description/share/franka_description//meshes/robot_ee
[2.002s] -- Up-to-date: /Users/davidm/Documents/repos/ucl/COMP0246_Labs/lab1submission/ros2_ws/install/franka_description/share/franka_description//meshes/robot_ee/franka_hand_black
[2.002s] -- Up-to-date: /Users/davidm/Documents/repos/ucl/COMP0246_Labs/lab1submission/ros2_ws/install/franka_description/share/franka_description//meshes/robot_ee/franka_hand_black/visual
[2.003s] -- Up-to-date: /Users/davidm/Documents/repos/ucl/COMP0246_Labs/lab1submission/ros2_ws/install/franka_description/share/franka_description//meshes/robot_ee/franka_hand_black/visual/hand.dae
[2.004s] -- Up-to-date: /Users/davidm/Documents/repos/ucl/COMP0246_Labs/lab1submission/ros2_ws/install/franka_description/share/franka_description//meshes/robot_ee/franka_hand_black/visual/finger.dae
[2.004s] -- Up-to-date: /Users/davidm/Documents/repos/ucl/COMP0246_Labs/lab1submission/ros2_ws/install/franka_description/share/franka_description//meshes/robot_ee/franka_hand_black/collision
[2.005s] -- Up-to-date: /Users/davidm/Documents/repos/ucl/COMP0246_Labs/lab1submission/ros2_ws/install/franka_description/share/franka_description//meshes/robot_ee/franka_hand_black/collision/hand.stl
[2.005s] -- Up-to-date: /Users/davidm/Documents/repos/ucl/COMP0246_Labs/lab1submission/ros2_ws/install/franka_description/share/franka_description//meshes/robot_ee/cobot_pump
[2.005s] -- Up-to-date: /Users/davidm/Documents/repos/ucl/COMP0246_Labs/lab1submission/ros2_ws/install/franka_description/share/franka_description//meshes/robot_ee/cobot_pump/visual
[2.005s] -- Up-to-date: /Users/davidm/Documents/repos/ucl/COMP0246_Labs/lab1submission/ros2_ws/install/franka_description/share/franka_description//meshes/robot_ee/cobot_pump/visual/cobot_pump.dae
[2.006s] -- Up-to-date: /Users/davidm/Documents/repos/ucl/COMP0246_Labs/lab1submission/ros2_ws/install/franka_description/share/franka_description//meshes/robot_ee/cobot_pump/collision
[2.006s] -- Up-to-date: /Users/davidm/Documents/repos/ucl/COMP0246_Labs/lab1submission/ros2_ws/install/franka_description/share/franka_description//meshes/robot_ee/cobot_pump/collision/cobot_pump.stl
[2.007s] -- Up-to-date: /Users/davidm/Documents/repos/ucl/COMP0246_Labs/lab1submission/ros2_ws/install/franka_description/share/franka_description//meshes/robot_ee/franka_hand_white
[2.007s] -- Up-to-date: /Users/davidm/Documents/repos/ucl/COMP0246_Labs/lab1submission/ros2_ws/install/franka_description/share/franka_description//meshes/robot_ee/franka_hand_white/visual
[2.007s] -- Up-to-date: /Users/davidm/Documents/repos/ucl/COMP0246_Labs/lab1submission/ros2_ws/install/franka_description/share/franka_description//meshes/robot_ee/franka_hand_white/visual/hand.dae
[2.007s] -- Up-to-date: /Users/davidm/Documents/repos/ucl/COMP0246_Labs/lab1submission/ros2_ws/install/franka_description/share/franka_description//meshes/robot_ee/franka_hand_white/visual/finger.dae
[2.007s] -- Up-to-date: /Users/davidm/Documents/repos/ucl/COMP0246_Labs/lab1submission/ros2_ws/install/franka_description/share/franka_description//meshes/robot_ee/franka_hand_white/collision
[2.007s] -- Up-to-date: /Users/davidm/Documents/repos/ucl/COMP0246_Labs/lab1submission/ros2_ws/install/franka_description/share/franka_description//meshes/robot_ee/franka_hand_white/collision/hand.stl
[2.007s] -- Up-to-date: /Users/davidm/Documents/repos/ucl/COMP0246_Labs/lab1submission/ros2_ws/install/franka_description/share/franka_description//meshes/robot_arms
[2.008s] -- Up-to-date: /Users/davidm/Documents/repos/ucl/COMP0246_Labs/lab1submission/ros2_ws/install/franka_description/share/franka_description//meshes/robot_arms/fp3
[2.008s] -- Up-to-date: /Users/davidm/Documents/repos/ucl/COMP0246_Labs/lab1submission/ros2_ws/install/franka_description/share/franka_description//meshes/robot_arms/fp3/visual
[2.008s] -- Up-to-date: /Users/davidm/Documents/repos/ucl/COMP0246_Labs/lab1submission/ros2_ws/install/franka_description/share/franka_description//meshes/robot_arms/fp3/visual/link4.dae
[2.008s] -- Up-to-date: /Users/davidm/Documents/repos/ucl/COMP0246_Labs/lab1submission/ros2_ws/install/franka_description/share/franka_description//meshes/robot_arms/fp3/visual/link5.dae
[2.009s] -- Up-to-date: /Users/davidm/Documents/repos/ucl/COMP0246_Labs/lab1submission/ros2_ws/install/franka_description/share/franka_description//meshes/robot_arms/fp3/visual/link7.dae
[2.010s] -- Up-to-date: /Users/davidm/Documents/repos/ucl/COMP0246_Labs/lab1submission/ros2_ws/install/franka_description/share/franka_description//meshes/robot_arms/fp3/visual/link6.dae
[2.011s] -- Up-to-date: /Users/davidm/Documents/repos/ucl/COMP0246_Labs/lab1submission/ros2_ws/install/franka_description/share/franka_description//meshes/robot_arms/fp3/visual/link2.dae
[2.011s] -- Up-to-date: /Users/davidm/Documents/repos/ucl/COMP0246_Labs/lab1submission/ros2_ws/install/franka_description/share/franka_description//meshes/robot_arms/fp3/visual/link3.dae
[2.012s] -- Up-to-date: /Users/davidm/Documents/repos/ucl/COMP0246_Labs/lab1submission/ros2_ws/install/franka_description/share/franka_description//meshes/robot_arms/fp3/visual/link1.dae
[2.012s] -- Up-to-date: /Users/davidm/Documents/repos/ucl/COMP0246_Labs/lab1submission/ros2_ws/install/franka_description/share/franka_description//meshes/robot_arms/fp3/visual/link0.dae
[2.012s] -- Up-to-date: /Users/davidm/Documents/repos/ucl/COMP0246_Labs/lab1submission/ros2_ws/install/franka_description/share/franka_description//meshes/robot_arms/fp3/collision
[2.013s] -- Up-to-date: /Users/davidm/Documents/repos/ucl/COMP0246_Labs/lab1submission/ros2_ws/install/franka_description/share/franka_description//meshes/robot_arms/fp3/collision/link3.stl
[2.013s] -- Up-to-date: /Users/davidm/Documents/repos/ucl/COMP0246_Labs/lab1submission/ros2_ws/install/franka_description/share/franka_description//meshes/robot_arms/fp3/collision/link2.stl
[2.013s] -- Up-to-date: /Users/davidm/Documents/repos/ucl/COMP0246_Labs/lab1submission/ros2_ws/install/franka_description/share/franka_description//meshes/robot_arms/fp3/collision/link0.stl
[2.014s] -- Up-to-date: /Users/davidm/Documents/repos/ucl/COMP0246_Labs/lab1submission/ros2_ws/install/franka_description/share/franka_description//meshes/robot_arms/fp3/collision/link1.stl
[2.014s] -- Up-to-date: /Users/davidm/Documents/repos/ucl/COMP0246_Labs/lab1submission/ros2_ws/install/franka_description/share/franka_description//meshes/robot_arms/fp3/collision/link5.stl
[2.015s] -- Up-to-date: /Users/davidm/Documents/repos/ucl/COMP0246_Labs/lab1submission/ros2_ws/install/franka_description/share/franka_description//meshes/robot_arms/fp3/collision/link4.stl
[2.015s] -- Up-to-date: /Users/davidm/Documents/repos/ucl/COMP0246_Labs/lab1submission/ros2_ws/install/franka_description/share/franka_description//meshes/robot_arms/fp3/collision/link6.stl
[2.016s] -- Up-to-date: /Users/davidm/Documents/repos/ucl/COMP0246_Labs/lab1submission/ros2_ws/install/franka_description/share/franka_description//meshes/robot_arms/fp3/collision/link7.stl
[2.016s] -- Up-to-date: /Users/davidm/Documents/repos/ucl/COMP0246_Labs/lab1submission/ros2_ws/install/franka_description/share/franka_description//meshes/robot_arms/fr3
[2.017s] -- Up-to-date: /Users/davidm/Documents/repos/ucl/COMP0246_Labs/lab1submission/ros2_ws/install/franka_description/share/franka_description//meshes/robot_arms/fr3/visual
[2.017s] -- Up-to-date: /Users/davidm/Documents/repos/ucl/COMP0246_Labs/lab1submission/ros2_ws/install/franka_description/share/franka_description//meshes/robot_arms/fr3/visual/link4.dae
[2.017s] -- Up-to-date: /Users/davidm/Documents/repos/ucl/COMP0246_Labs/lab1submission/ros2_ws/install/franka_description/share/franka_description//meshes/robot_arms/fr3/visual/link5.dae
[2.018s] -- Up-to-date: /Users/davidm/Documents/repos/ucl/COMP0246_Labs/lab1submission/ros2_ws/install/franka_description/share/franka_description//meshes/robot_arms/fr3/visual/link7.dae
[2.018s] -- Up-to-date: /Users/davidm/Documents/repos/ucl/COMP0246_Labs/lab1submission/ros2_ws/install/franka_description/share/franka_description//meshes/robot_arms/fr3/visual/link6.dae
[2.018s] -- Up-to-date: /Users/davidm/Documents/repos/ucl/COMP0246_Labs/lab1submission/ros2_ws/install/franka_description/share/franka_description//meshes/robot_arms/fr3/visual/link2.dae
[2.019s] -- Up-to-date: /Users/davidm/Documents/repos/ucl/COMP0246_Labs/lab1submission/ros2_ws/install/franka_description/share/franka_description//meshes/robot_arms/fr3/visual/link3.dae
[2.019s] -- Up-to-date: /Users/davidm/Documents/repos/ucl/COMP0246_Labs/lab1submission/ros2_ws/install/franka_description/share/franka_description//meshes/robot_arms/fr3/visual/link1.dae
[2.020s] -- Up-to-date: /Users/davidm/Documents/repos/ucl/COMP0246_Labs/lab1submission/ros2_ws/install/franka_description/share/franka_description//meshes/robot_arms/fr3/visual/link0.dae
[2.020s] -- Up-to-date: /Users/davidm/Documents/repos/ucl/COMP0246_Labs/lab1submission/ros2_ws/install/franka_description/share/franka_description//meshes/robot_arms/fr3/collision
[2.021s] -- Up-to-date: /Users/davidm/Documents/repos/ucl/COMP0246_Labs/lab1submission/ros2_ws/install/franka_description/share/franka_description//meshes/robot_arms/fr3/collision/link3.stl
[2.021s] -- Up-to-date: /Users/davidm/Documents/repos/ucl/COMP0246_Labs/lab1submission/ros2_ws/install/franka_description/share/franka_description//meshes/robot_arms/fr3/collision/link2.stl
[2.021s] -- Up-to-date: /Users/davidm/Documents/repos/ucl/COMP0246_Labs/lab1submission/ros2_ws/install/franka_description/share/franka_description//meshes/robot_arms/fr3/collision/link0.stl
[2.021s] -- Up-to-date: /Users/davidm/Documents/repos/ucl/COMP0246_Labs/lab1submission/ros2_ws/install/franka_description/share/franka_description//meshes/robot_arms/fr3/collision/link1.stl
[2.022s] -- Up-to-date: /Users/davidm/Documents/repos/ucl/COMP0246_Labs/lab1submission/ros2_ws/install/franka_description/share/franka_description//meshes/robot_arms/fr3/collision/link5.stl
[2.022s] -- Up-to-date: /Users/davidm/Documents/repos/ucl/COMP0246_Labs/lab1submission/ros2_ws/install/franka_description/share/franka_description//meshes/robot_arms/fr3/collision/link4.stl
[2.023s] -- Up-to-date: /Users/davidm/Documents/repos/ucl/COMP0246_Labs/lab1submission/ros2_ws/install/franka_description/share/franka_description//meshes/robot_arms/fr3/collision/link6.stl
[2.023s] -- Up-to-date: /Users/davidm/Documents/repos/ucl/COMP0246_Labs/lab1submission/ros2_ws/install/franka_description/share/franka_description//meshes/robot_arms/fr3/collision/link7.stl
[2.023s] -- Up-to-date: /Users/davidm/Documents/repos/ucl/COMP0246_Labs/lab1submission/ros2_ws/install/franka_description/share/franka_description//meshes/robot_arms/fer
[2.024s] -- Up-to-date: /Users/davidm/Documents/repos/ucl/COMP0246_Labs/lab1submission/ros2_ws/install/franka_description/share/franka_description//meshes/robot_arms/fer/visual
[2.024s] -- Up-to-date: /Users/davidm/Documents/repos/ucl/COMP0246_Labs/lab1submission/ros2_ws/install/franka_description/share/franka_description//meshes/robot_arms/fer/visual/link4.dae
[2.025s] -- Up-to-date: /Users/davidm/Documents/repos/ucl/COMP0246_Labs/lab1submission/ros2_ws/install/franka_description/share/franka_description//meshes/robot_arms/fer/visual/link5.dae
[2.025s] -- Up-to-date: /Users/davidm/Documents/repos/ucl/COMP0246_Labs/lab1submission/ros2_ws/install/franka_description/share/franka_description//meshes/robot_arms/fer/visual/link7.dae
[2.025s] -- Up-to-date: /Users/davidm/Documents/repos/ucl/COMP0246_Labs/lab1submission/ros2_ws/install/franka_description/share/franka_description//meshes/robot_arms/fer/visual/link6.dae
[2.026s] -- Up-to-date: /Users/davidm/Documents/repos/ucl/COMP0246_Labs/lab1submission/ros2_ws/install/franka_description/share/franka_description//meshes/robot_arms/fer/visual/link2.dae
[2.026s] -- Up-to-date: /Users/davidm/Documents/repos/ucl/COMP0246_Labs/lab1submission/ros2_ws/install/franka_description/share/franka_description//meshes/robot_arms/fer/visual/link3.dae
[2.026s] -- Up-to-date: /Users/davidm/Documents/repos/ucl/COMP0246_Labs/lab1submission/ros2_ws/install/franka_description/share/franka_description//meshes/robot_arms/fer/visual/link1.dae
[2.027s] -- Up-to-date: /Users/davidm/Documents/repos/ucl/COMP0246_Labs/lab1submission/ros2_ws/install/franka_description/share/franka_description//meshes/robot_arms/fer/visual/link0.dae
[2.027s] -- Up-to-date: /Users/davidm/Documents/repos/ucl/COMP0246_Labs/lab1submission/ros2_ws/install/franka_description/share/franka_description//meshes/robot_arms/fer/visual/hand.dae
[2.027s] -- Up-to-date: /Users/davidm/Documents/repos/ucl/COMP0246_Labs/lab1submission/ros2_ws/install/franka_description/share/franka_description//meshes/robot_arms/fer/visual/finger.dae
[2.028s] -- Up-to-date: /Users/davidm/Documents/repos/ucl/COMP0246_Labs/lab1submission/ros2_ws/install/franka_description/share/franka_description//meshes/robot_arms/fer/collision
[2.028s] -- Up-to-date: /Users/davidm/Documents/repos/ucl/COMP0246_Labs/lab1submission/ros2_ws/install/franka_description/share/franka_description//meshes/robot_arms/fer/collision/hand.stl
[2.028s] -- Up-to-date: /Users/davidm/Documents/repos/ucl/COMP0246_Labs/lab1submission/ros2_ws/install/franka_description/share/franka_description//meshes/robot_arms/fer/collision/link3.stl
[2.029s] -- Up-to-date: /Users/davidm/Documents/repos/ucl/COMP0246_Labs/lab1submission/ros2_ws/install/franka_description/share/franka_description//meshes/robot_arms/fer/collision/link2.stl
[2.029s] -- Up-to-date: /Users/davidm/Documents/repos/ucl/COMP0246_Labs/lab1submission/ros2_ws/install/franka_description/share/franka_description//meshes/robot_arms/fer/collision/link0.stl
[2.029s] -- Up-to-date: /Users/davidm/Documents/repos/ucl/COMP0246_Labs/lab1submission/ros2_ws/install/franka_description/share/franka_description//meshes/robot_arms/fer/collision/link1.stl
[2.029s] -- Up-to-date: /Users/davidm/Documents/repos/ucl/COMP0246_Labs/lab1submission/ros2_ws/install/franka_description/share/franka_description//meshes/robot_arms/fer/collision/link5.stl
[2.029s] -- Up-to-date: /Users/davidm/Documents/repos/ucl/COMP0246_Labs/lab1submission/ros2_ws/install/franka_description/share/franka_description//meshes/robot_arms/fer/collision/link4.stl
[2.030s] -- Up-to-date: /Users/davidm/Documents/repos/ucl/COMP0246_Labs/lab1submission/ros2_ws/install/franka_description/share/franka_description//meshes/robot_arms/fer/collision/link6.stl
[2.030s] -- Up-to-date: /Users/davidm/Documents/repos/ucl/COMP0246_Labs/lab1submission/ros2_ws/install/franka_description/share/franka_description//meshes/robot_arms/fer/collision/link7.stl
[2.031s] -- Up-to-date: /Users/davidm/Documents/repos/ucl/COMP0246_Labs/lab1submission/ros2_ws/install/franka_description/share/franka_description//rviz
[2.031s] -- Up-to-date: /Users/davidm/Documents/repos/ucl/COMP0246_Labs/lab1submission/ros2_ws/install/franka_description/share/franka_description//rviz/visualize_franka.rviz
[2.031s] -- Up-to-date: /Users/davidm/Documents/repos/ucl/COMP0246_Labs/lab1submission/ros2_ws/install/franka_description/share/franka_description//urdfs
[2.032s] -- Up-to-date: /Users/davidm/Documents/repos/ucl/COMP0246_Labs/lab1submission/ros2_ws/install/franka_description/share/franka_description//urdfs/fr3.urdf
[2.032s] -- Up-to-date: /Users/davidm/Documents/repos/ucl/COMP0246_Labs/lab1submission/ros2_ws/install/franka_description/share/franka_description//urdfs/fr3_franka_hand.urdf
[2.032s] -- Up-to-date: /Users/davidm/Documents/repos/ucl/COMP0246_Labs/lab1submission/ros2_ws/install/franka_description/share/ament_index/resource_index/package_run_dependencies/franka_description
[2.033s] -- Up-to-date: /Users/davidm/Documents/repos/ucl/COMP0246_Labs/lab1submission/ros2_ws/install/franka_description/share/ament_index/resource_index/parent_prefix_path/franka_description
[2.033s] -- Up-to-date: /Users/davidm/Documents/repos/ucl/COMP0246_Labs/lab1submission/ros2_ws/install/franka_description/share/franka_description/environment/ament_prefix_path.sh
[2.033s] -- Up-to-date: /Users/davidm/Documents/repos/ucl/COMP0246_Labs/lab1submission/ros2_ws/install/franka_description/share/franka_description/environment/ament_prefix_path.dsv
[2.033s] -- Up-to-date: /Users/davidm/Documents/repos/ucl/COMP0246_Labs/lab1submission/ros2_ws/install/franka_description/share/franka_description/environment/path.sh
[2.034s] -- Up-to-date: /Users/davidm/Documents/repos/ucl/COMP0246_Labs/lab1submission/ros2_ws/install/franka_description/share/franka_description/environment/path.dsv
[2.034s] -- Up-to-date: /Users/davidm/Documents/repos/ucl/COMP0246_Labs/lab1submission/ros2_ws/install/franka_description/share/franka_description/local_setup.bash
[2.034s] -- Up-to-date: /Users/davidm/Documents/repos/ucl/COMP0246_Labs/lab1submission/ros2_ws/install/franka_description/share/franka_description/local_setup.sh
[2.034s] -- Up-to-date: /Users/davidm/Documents/repos/ucl/COMP0246_Labs/lab1submission/ros2_ws/install/franka_description/share/franka_description/local_setup.zsh
[2.035s] -- Up-to-date: /Users/davidm/Documents/repos/ucl/COMP0246_Labs/lab1submission/ros2_ws/install/franka_description/share/franka_description/local_setup.dsv
[2.035s] -- Installing: /Users/davidm/Documents/repos/ucl/COMP0246_Labs/lab1submission/ros2_ws/install/franka_description/share/franka_description/package.dsv
[2.035s] -- Up-to-date: /Users/davidm/Documents/repos/ucl/COMP0246_Labs/lab1submission/ros2_ws/install/franka_description/share/ament_index/resource_index/packages/franka_description
[2.035s] -- Up-to-date: /Users/davidm/Documents/repos/ucl/COMP0246_Labs/lab1submission/ros2_ws/install/franka_description/share/franka_description/cmake/franka_descriptionConfig.cmake
[2.036s] -- Up-to-date: /Users/davidm/Documents/repos/ucl/COMP0246_Labs/lab1submission/ros2_ws/install/franka_description/share/franka_description/cmake/franka_descriptionConfig-version.cmake
[2.036s] -- Up-to-date: /Users/davidm/Documents/repos/ucl/COMP0246_Labs/lab1submission/ros2_ws/install/franka_description/share/franka_description/package.xml
[2.037s] Invoked command in '/Users/davidm/Documents/repos/ucl/COMP0246_Labs/lab1submission/ros2_ws/build/franka_description' returned '0': CMAKE_PREFIX_PATH=${CMAKE_PREFIX_PATH}:/Users/davidm/Documents/repos/ucl/COMP0246_Labs/lab1submission/ros2_ws/install/youbot_kinematics:/Users/davidm/Documents/repos/ucl/COMP0246_Labs/lab1submission/ros2_ws/install/youbot_description:/Users/davidm/Documents/repos/ucl/COMP0246_Labs/lab1submission/ros2_ws/install/transform_helpers:/Users/davidm/Documents/repos/ucl/COMP0246_Labs/lab1submission/ros2_ws/install/py_srvcli:/Users/davidm/miniforge3/envs/roboenv-py3.10 CONDA_PROMPT_MODIFIER=(roboenv-py3.10) SHLVL=2 _=/usr/bin/env /Users/davidm/miniforge3/envs/roboenv-py3.10/bin/cmake --install /Users/davidm/Documents/repos/ucl/COMP0246_Labs/lab1submission/ros2_ws/build/franka_description
