running egg_info
writing ../../../../build/transform_helpers/transform_helpers.egg-info/PKG-INFO
writing dependency_links to ../../../../build/transform_helpers/transform_helpers.egg-info/dependency_links.txt
writing entry points to ../../../../build/transform_helpers/transform_helpers.egg-info/entry_points.txt
writing requirements to ../../../../build/transform_helpers/transform_helpers.egg-info/requires.txt
writing top-level names to ../../../../build/transform_helpers/transform_helpers.egg-info/top_level.txt
reading manifest file '../../../../build/transform_helpers/transform_helpers.egg-info/SOURCES.txt'
writing manifest file '../../../../build/transform_helpers/transform_helpers.egg-info/SOURCES.txt'
running build
running build_py
copying transform_helpers/utils.py -> /Users/davidm/Documents/repos/ucl/COMP0246_Labs/lab1submission/ros2_ws/build/transform_helpers/build/lib/transform_helpers
copying transform_helpers/main.py -> /Users/davidm/Documents/repos/ucl/COMP0246_Labs/lab1submission/ros2_ws/build/transform_helpers/build/lib/transform_helpers
running install
running install_lib
copying /Users/davidm/Documents/repos/ucl/COMP0246_Labs/lab1submission/ros2_ws/build/transform_helpers/build/lib/transform_helpers/utils.py -> /Users/davidm/Documents/repos/ucl/COMP0246_Labs/lab1submission/ros2_ws/install/transform_helpers/lib/python3.10/site-packages/transform_helpers
copying /Users/davidm/Documents/repos/ucl/COMP0246_Labs/lab1submission/ros2_ws/build/transform_helpers/build/lib/transform_helpers/main.py -> /Users/davidm/Documents/repos/ucl/COMP0246_Labs/lab1submission/ros2_ws/install/transform_helpers/lib/python3.10/site-packages/transform_helpers
byte-compiling /Users/davidm/Documents/repos/ucl/COMP0246_Labs/lab1submission/ros2_ws/install/transform_helpers/lib/python3.10/site-packages/transform_helpers/utils.py to utils.cpython-310.pyc
byte-compiling /Users/davidm/Documents/repos/ucl/COMP0246_Labs/lab1submission/ros2_ws/install/transform_helpers/lib/python3.10/site-packages/transform_helpers/main.py to main.cpython-310.pyc
running install_data
running install_egg_info
removing '/Users/davidm/Documents/repos/ucl/COMP0246_Labs/lab1submission/ros2_ws/install/transform_helpers/lib/python3.10/site-packages/transform_helpers-0.0.0-py3.10.egg-info' (and everything under it)
Copying ../../../../build/transform_helpers/transform_helpers.egg-info to /Users/davidm/Documents/repos/ucl/COMP0246_Labs/lab1submission/ros2_ws/install/transform_helpers/lib/python3.10/site-packages/transform_helpers-0.0.0-py3.10.egg-info
running install_scripts
Installing main script to /Users/davidm/Documents/repos/ucl/COMP0246_Labs/lab1submission/ros2_ws/install/transform_helpers/lib/transform_helpers
writing list of installed files to '/Users/davidm/Documents/repos/ucl/COMP0246_Labs/lab1submission/ros2_ws/build/transform_helpers/install.log'
