[0.160s] DEBUG:colcon:Command line arguments: ['/Users/davidm/miniforge3/envs/roboenv-py3.10/bin/colcon', 'build']
[0.160s] DEBUG:colcon:Parsed command line arguments: Namespace(log_base=None, log_level=None, verb_name='build', build_base='build', install_base='install', merge_install=False, symlink_install=False, test_result_base=None, continue_on_error=False, executor='parallel', parallel_workers=8, event_handlers=None, ignore_user_meta=False, metas=['./colcon.meta'], base_paths=['.'], packages_ignore=None, packages_ignore_regex=None, paths=None, packages_up_to=None, packages_up_to_regex=None, packages_above=None, packages_above_and_dependencies=None, packages_above_depth=None, packages_select_by_dep=None, packages_skip_by_dep=None, packages_skip_up_to=None, packages_select_build_failed=False, packages_skip_build_finished=False, packages_select_test_failures=False, packages_skip_test_passed=False, packages_select=None, packages_skip=None, packages_select_regex=None, packages_skip_regex=None, packages_start=None, packages_end=None, cmake_args=None, cmake_target=None, cmake_target_skip_unavailable=False, cmake_clean_cache=False, cmake_clean_first=False, cmake_force_configure=False, ament_cmake_args=None, catkin_cmake_args=None, catkin_skip_building_tests=False, verb_parser=<colcon_defaults.argument_parser.defaults.DefaultArgumentsDecorator object at 0x10d81d7b0>, verb_extension=<colcon_core.verb.build.BuildVerb object at 0x10d81d270>, main=<bound method BuildVerb.main of <colcon_core.verb.build.BuildVerb object at 0x10d81d270>>)
[0.400s] Level 1:colcon.colcon_core.package_discovery:discover_packages(colcon_meta) check parameters
[0.400s] Level 1:colcon.colcon_core.package_discovery:discover_packages(recursive) check parameters
[0.400s] Level 1:colcon.colcon_core.package_discovery:discover_packages(ignore) check parameters
[0.400s] Level 1:colcon.colcon_core.package_discovery:discover_packages(path) check parameters
[0.400s] Level 1:colcon.colcon_core.package_discovery:discover_packages(colcon_meta) discover
[0.400s] Level 1:colcon.colcon_core.package_discovery:discover_packages(recursive) discover
[0.400s] INFO:colcon.colcon_core.package_discovery:Crawling recursively for packages in '/Users/davidm/Documents/repos/ucl/COMP0246_Labs/lab1submission/ros2_ws'
[0.400s] Level 1:colcon.colcon_core.package_identification:_identify(.) by extensions ['ignore', 'ignore_ament_install']
[0.400s] Level 1:colcon.colcon_core.package_identification:_identify(.) by extension 'ignore'
[0.400s] Level 1:colcon.colcon_core.package_identification:_identify(.) by extension 'ignore_ament_install'
[0.400s] Level 1:colcon.colcon_core.package_identification:_identify(.) by extensions ['colcon_pkg']
[0.400s] Level 1:colcon.colcon_core.package_identification:_identify(.) by extension 'colcon_pkg'
[0.400s] Level 1:colcon.colcon_core.package_identification:_identify(.) by extensions ['colcon_meta']
[0.400s] Level 1:colcon.colcon_core.package_identification:_identify(.) by extension 'colcon_meta'
[0.400s] Level 1:colcon.colcon_core.package_identification:_identify(.) by extensions ['ros']
[0.400s] Level 1:colcon.colcon_core.package_identification:_identify(.) by extension 'ros'
[0.432s] Level 1:colcon.colcon_core.package_identification:_identify(.) by extensions ['cmake', 'python']
[0.433s] Level 1:colcon.colcon_core.package_identification:_identify(.) by extension 'cmake'
[0.433s] Level 1:colcon.colcon_core.package_identification:_identify(.) by extension 'python'
[0.433s] Level 1:colcon.colcon_core.package_identification:_identify(.) by extensions ['python_setup_py']
[0.433s] Level 1:colcon.colcon_core.package_identification:_identify(.) by extension 'python_setup_py'
[0.433s] Level 1:colcon.colcon_core.package_identification:_identify(build) by extensions ['ignore', 'ignore_ament_install']
[0.433s] Level 1:colcon.colcon_core.package_identification:_identify(build) by extension 'ignore'
[0.433s] Level 1:colcon.colcon_core.package_identification:_identify(build) ignored
[0.433s] Level 1:colcon.colcon_core.package_identification:_identify(install) by extensions ['ignore', 'ignore_ament_install']
[0.433s] Level 1:colcon.colcon_core.package_identification:_identify(install) by extension 'ignore'
[0.433s] Level 1:colcon.colcon_core.package_identification:_identify(install) ignored
[0.434s] Level 1:colcon.colcon_core.package_identification:_identify(log) by extensions ['ignore', 'ignore_ament_install']
[0.434s] Level 1:colcon.colcon_core.package_identification:_identify(log) by extension 'ignore'
[0.434s] Level 1:colcon.colcon_core.package_identification:_identify(log) ignored
[0.434s] Level 1:colcon.colcon_core.package_identification:_identify(src) by extensions ['ignore', 'ignore_ament_install']
[0.434s] Level 1:colcon.colcon_core.package_identification:_identify(src) by extension 'ignore'
[0.434s] Level 1:colcon.colcon_core.package_identification:_identify(src) by extension 'ignore_ament_install'
[0.434s] Level 1:colcon.colcon_core.package_identification:_identify(src) by extensions ['colcon_pkg']
[0.434s] Level 1:colcon.colcon_core.package_identification:_identify(src) by extension 'colcon_pkg'
[0.434s] Level 1:colcon.colcon_core.package_identification:_identify(src) by extensions ['colcon_meta']
[0.434s] Level 1:colcon.colcon_core.package_identification:_identify(src) by extension 'colcon_meta'
[0.434s] Level 1:colcon.colcon_core.package_identification:_identify(src) by extensions ['ros']
[0.434s] Level 1:colcon.colcon_core.package_identification:_identify(src) by extension 'ros'
[0.434s] Level 1:colcon.colcon_core.package_identification:_identify(src) by extensions ['cmake', 'python']
[0.434s] Level 1:colcon.colcon_core.package_identification:_identify(src) by extension 'cmake'
[0.434s] Level 1:colcon.colcon_core.package_identification:_identify(src) by extension 'python'
[0.434s] Level 1:colcon.colcon_core.package_identification:_identify(src) by extensions ['python_setup_py']
[0.434s] Level 1:colcon.colcon_core.package_identification:_identify(src) by extension 'python_setup_py'
[0.435s] Level 1:colcon.colcon_core.package_identification:_identify(src/COMP0246_Labs) by extensions ['ignore', 'ignore_ament_install']
[0.435s] Level 1:colcon.colcon_core.package_identification:_identify(src/COMP0246_Labs) by extension 'ignore'
[0.435s] Level 1:colcon.colcon_core.package_identification:_identify(src/COMP0246_Labs) by extension 'ignore_ament_install'
[0.435s] Level 1:colcon.colcon_core.package_identification:_identify(src/COMP0246_Labs) by extensions ['colcon_pkg']
[0.435s] Level 1:colcon.colcon_core.package_identification:_identify(src/COMP0246_Labs) by extension 'colcon_pkg'
[0.435s] Level 1:colcon.colcon_core.package_identification:_identify(src/COMP0246_Labs) by extensions ['colcon_meta']
[0.435s] Level 1:colcon.colcon_core.package_identification:_identify(src/COMP0246_Labs) by extension 'colcon_meta'
[0.435s] Level 1:colcon.colcon_core.package_identification:_identify(src/COMP0246_Labs) by extensions ['ros']
[0.435s] Level 1:colcon.colcon_core.package_identification:_identify(src/COMP0246_Labs) by extension 'ros'
[0.435s] Level 1:colcon.colcon_core.package_identification:_identify(src/COMP0246_Labs) by extensions ['cmake', 'python']
[0.435s] Level 1:colcon.colcon_core.package_identification:_identify(src/COMP0246_Labs) by extension 'cmake'
[0.435s] Level 1:colcon.colcon_core.package_identification:_identify(src/COMP0246_Labs) by extension 'python'
[0.435s] Level 1:colcon.colcon_core.package_identification:_identify(src/COMP0246_Labs) by extensions ['python_setup_py']
[0.435s] Level 1:colcon.colcon_core.package_identification:_identify(src/COMP0246_Labs) by extension 'python_setup_py'
[0.435s] Level 1:colcon.colcon_core.package_identification:_identify(src/COMP0246_Labs/final_lab) by extensions ['ignore', 'ignore_ament_install']
[0.435s] Level 1:colcon.colcon_core.package_identification:_identify(src/COMP0246_Labs/final_lab) by extension 'ignore'
[0.435s] Level 1:colcon.colcon_core.package_identification:_identify(src/COMP0246_Labs/final_lab) by extension 'ignore_ament_install'
[0.435s] Level 1:colcon.colcon_core.package_identification:_identify(src/COMP0246_Labs/final_lab) by extensions ['colcon_pkg']
[0.435s] Level 1:colcon.colcon_core.package_identification:_identify(src/COMP0246_Labs/final_lab) by extension 'colcon_pkg'
[0.435s] Level 1:colcon.colcon_core.package_identification:_identify(src/COMP0246_Labs/final_lab) by extensions ['colcon_meta']
[0.435s] Level 1:colcon.colcon_core.package_identification:_identify(src/COMP0246_Labs/final_lab) by extension 'colcon_meta'
[0.436s] Level 1:colcon.colcon_core.package_identification:_identify(src/COMP0246_Labs/final_lab) by extensions ['ros']
[0.436s] Level 1:colcon.colcon_core.package_identification:_identify(src/COMP0246_Labs/final_lab) by extension 'ros'
[0.436s] Level 1:colcon.colcon_core.package_identification:_identify(src/COMP0246_Labs/final_lab) by extensions ['cmake', 'python']
[0.436s] Level 1:colcon.colcon_core.package_identification:_identify(src/COMP0246_Labs/final_lab) by extension 'cmake'
[0.436s] Level 1:colcon.colcon_core.package_identification:_identify(src/COMP0246_Labs/final_lab) by extension 'python'
[0.436s] Level 1:colcon.colcon_core.package_identification:_identify(src/COMP0246_Labs/final_lab) by extensions ['python_setup_py']
[0.436s] Level 1:colcon.colcon_core.package_identification:_identify(src/COMP0246_Labs/final_lab) by extension 'python_setup_py'
[0.436s] Level 1:colcon.colcon_core.package_identification:_identify(src/COMP0246_Labs/final_lab/assets) by extensions ['ignore', 'ignore_ament_install']
[0.436s] Level 1:colcon.colcon_core.package_identification:_identify(src/COMP0246_Labs/final_lab/assets) by extension 'ignore'
[0.436s] Level 1:colcon.colcon_core.package_identification:_identify(src/COMP0246_Labs/final_lab/assets) by extension 'ignore_ament_install'
[0.436s] Level 1:colcon.colcon_core.package_identification:_identify(src/COMP0246_Labs/final_lab/assets) by extensions ['colcon_pkg']
[0.436s] Level 1:colcon.colcon_core.package_identification:_identify(src/COMP0246_Labs/final_lab/assets) by extension 'colcon_pkg'
[0.436s] Level 1:colcon.colcon_core.package_identification:_identify(src/COMP0246_Labs/final_lab/assets) by extensions ['colcon_meta']
[0.436s] Level 1:colcon.colcon_core.package_identification:_identify(src/COMP0246_Labs/final_lab/assets) by extension 'colcon_meta'
[0.436s] Level 1:colcon.colcon_core.package_identification:_identify(src/COMP0246_Labs/final_lab/assets) by extensions ['ros']
[0.436s] Level 1:colcon.colcon_core.package_identification:_identify(src/COMP0246_Labs/final_lab/assets) by extension 'ros'
[0.436s] Level 1:colcon.colcon_core.package_identification:_identify(src/COMP0246_Labs/final_lab/assets) by extensions ['cmake', 'python']
[0.436s] Level 1:colcon.colcon_core.package_identification:_identify(src/COMP0246_Labs/final_lab/assets) by extension 'cmake'
[0.436s] Level 1:colcon.colcon_core.package_identification:_identify(src/COMP0246_Labs/final_lab/assets) by extension 'python'
[0.436s] Level 1:colcon.colcon_core.package_identification:_identify(src/COMP0246_Labs/final_lab/assets) by extensions ['python_setup_py']
[0.437s] Level 1:colcon.colcon_core.package_identification:_identify(src/COMP0246_Labs/final_lab/assets) by extension 'python_setup_py'
[0.437s] Level 1:colcon.colcon_core.package_identification:_identify(src/COMP0246_Labs/final_lab/assets/lab2) by extensions ['ignore', 'ignore_ament_install']
[0.437s] Level 1:colcon.colcon_core.package_identification:_identify(src/COMP0246_Labs/final_lab/assets/lab2) by extension 'ignore'
[0.437s] Level 1:colcon.colcon_core.package_identification:_identify(src/COMP0246_Labs/final_lab/assets/lab2) by extension 'ignore_ament_install'
[0.437s] Level 1:colcon.colcon_core.package_identification:_identify(src/COMP0246_Labs/final_lab/assets/lab2) by extensions ['colcon_pkg']
[0.437s] Level 1:colcon.colcon_core.package_identification:_identify(src/COMP0246_Labs/final_lab/assets/lab2) by extension 'colcon_pkg'
[0.437s] Level 1:colcon.colcon_core.package_identification:_identify(src/COMP0246_Labs/final_lab/assets/lab2) by extensions ['colcon_meta']
[0.437s] Level 1:colcon.colcon_core.package_identification:_identify(src/COMP0246_Labs/final_lab/assets/lab2) by extension 'colcon_meta'
[0.437s] Level 1:colcon.colcon_core.package_identification:_identify(src/COMP0246_Labs/final_lab/assets/lab2) by extensions ['ros']
[0.437s] Level 1:colcon.colcon_core.package_identification:_identify(src/COMP0246_Labs/final_lab/assets/lab2) by extension 'ros'
[0.437s] Level 1:colcon.colcon_core.package_identification:_identify(src/COMP0246_Labs/final_lab/assets/lab2) by extensions ['cmake', 'python']
[0.437s] Level 1:colcon.colcon_core.package_identification:_identify(src/COMP0246_Labs/final_lab/assets/lab2) by extension 'cmake'
[0.437s] Level 1:colcon.colcon_core.package_identification:_identify(src/COMP0246_Labs/final_lab/assets/lab2) by extension 'python'
[0.437s] Level 1:colcon.colcon_core.package_identification:_identify(src/COMP0246_Labs/final_lab/assets/lab2) by extensions ['python_setup_py']
[0.438s] Level 1:colcon.colcon_core.package_identification:_identify(src/COMP0246_Labs/final_lab/assets/lab2) by extension 'python_setup_py'
[0.438s] Level 1:colcon.colcon_core.package_identification:_identify(src/COMP0246_Labs/final_lab/youbot_description) by extensions ['ignore', 'ignore_ament_install']
[0.438s] Level 1:colcon.colcon_core.package_identification:_identify(src/COMP0246_Labs/final_lab/youbot_description) by extension 'ignore'
[0.438s] Level 1:colcon.colcon_core.package_identification:_identify(src/COMP0246_Labs/final_lab/youbot_description) by extension 'ignore_ament_install'
[0.438s] Level 1:colcon.colcon_core.package_identification:_identify(src/COMP0246_Labs/final_lab/youbot_description) by extensions ['colcon_pkg']
[0.438s] Level 1:colcon.colcon_core.package_identification:_identify(src/COMP0246_Labs/final_lab/youbot_description) by extension 'colcon_pkg'
[0.438s] Level 1:colcon.colcon_core.package_identification:_identify(src/COMP0246_Labs/final_lab/youbot_description) by extensions ['colcon_meta']
[0.438s] Level 1:colcon.colcon_core.package_identification:_identify(src/COMP0246_Labs/final_lab/youbot_description) by extension 'colcon_meta'
[0.438s] Level 1:colcon.colcon_core.package_identification:_identify(src/COMP0246_Labs/final_lab/youbot_description) by extensions ['ros']
[0.438s] Level 1:colcon.colcon_core.package_identification:_identify(src/COMP0246_Labs/final_lab/youbot_description) by extension 'ros'
[0.440s] DEBUG:colcon.colcon_core.package_identification:Package 'src/COMP0246_Labs/final_lab/youbot_description' with type 'ros.ament_python' and name 'youbot_description'
[0.441s] Level 1:colcon.colcon_core.package_identification:_identify(src/COMP0246_Labs/final_lab/youbot_kinematics) by extensions ['ignore', 'ignore_ament_install']
[0.441s] Level 1:colcon.colcon_core.package_identification:_identify(src/COMP0246_Labs/final_lab/youbot_kinematics) by extension 'ignore'
[0.441s] Level 1:colcon.colcon_core.package_identification:_identify(src/COMP0246_Labs/final_lab/youbot_kinematics) by extension 'ignore_ament_install'
[0.441s] Level 1:colcon.colcon_core.package_identification:_identify(src/COMP0246_Labs/final_lab/youbot_kinematics) by extensions ['colcon_pkg']
[0.441s] Level 1:colcon.colcon_core.package_identification:_identify(src/COMP0246_Labs/final_lab/youbot_kinematics) by extension 'colcon_pkg'
[0.441s] Level 1:colcon.colcon_core.package_identification:_identify(src/COMP0246_Labs/final_lab/youbot_kinematics) by extensions ['colcon_meta']
[0.441s] Level 1:colcon.colcon_core.package_identification:_identify(src/COMP0246_Labs/final_lab/youbot_kinematics) by extension 'colcon_meta'
[0.441s] Level 1:colcon.colcon_core.package_identification:_identify(src/COMP0246_Labs/final_lab/youbot_kinematics) by extensions ['ros']
[0.441s] Level 1:colcon.colcon_core.package_identification:_identify(src/COMP0246_Labs/final_lab/youbot_kinematics) by extension 'ros'
[0.442s] DEBUG:colcon.colcon_core.package_identification:Package 'src/COMP0246_Labs/final_lab/youbot_kinematics' with type 'ros.ament_python' and name 'youbot_kinematics'
[0.442s] Level 1:colcon.colcon_core.package_identification:_identify(src/COMP0246_Labs/franka_description) by extensions ['ignore', 'ignore_ament_install']
[0.442s] Level 1:colcon.colcon_core.package_identification:_identify(src/COMP0246_Labs/franka_description) by extension 'ignore'
[0.442s] Level 1:colcon.colcon_core.package_identification:_identify(src/COMP0246_Labs/franka_description) by extension 'ignore_ament_install'
[0.442s] Level 1:colcon.colcon_core.package_identification:_identify(src/COMP0246_Labs/franka_description) by extensions ['colcon_pkg']
[0.442s] Level 1:colcon.colcon_core.package_identification:_identify(src/COMP0246_Labs/franka_description) by extension 'colcon_pkg'
[0.442s] Level 1:colcon.colcon_core.package_identification:_identify(src/COMP0246_Labs/franka_description) by extensions ['colcon_meta']
[0.442s] Level 1:colcon.colcon_core.package_identification:_identify(src/COMP0246_Labs/franka_description) by extension 'colcon_meta'
[0.442s] Level 1:colcon.colcon_core.package_identification:_identify(src/COMP0246_Labs/franka_description) by extensions ['ros']
[0.442s] Level 1:colcon.colcon_core.package_identification:_identify(src/COMP0246_Labs/franka_description) by extension 'ros'
[0.443s] DEBUG:colcon.colcon_core.package_identification:Package 'src/COMP0246_Labs/franka_description' with type 'ros.ament_cmake' and name 'franka_description'
[0.443s] Level 1:colcon.colcon_core.package_identification:_identify(src/COMP0246_Labs/lab1submission) by extensions ['ignore', 'ignore_ament_install']
[0.443s] Level 1:colcon.colcon_core.package_identification:_identify(src/COMP0246_Labs/lab1submission) by extension 'ignore'
[0.443s] Level 1:colcon.colcon_core.package_identification:_identify(src/COMP0246_Labs/lab1submission) by extension 'ignore_ament_install'
[0.443s] Level 1:colcon.colcon_core.package_identification:_identify(src/COMP0246_Labs/lab1submission) by extensions ['colcon_pkg']
[0.443s] Level 1:colcon.colcon_core.package_identification:_identify(src/COMP0246_Labs/lab1submission) by extension 'colcon_pkg'
[0.443s] Level 1:colcon.colcon_core.package_identification:_identify(src/COMP0246_Labs/lab1submission) by extensions ['colcon_meta']
[0.443s] Level 1:colcon.colcon_core.package_identification:_identify(src/COMP0246_Labs/lab1submission) by extension 'colcon_meta'
[0.443s] Level 1:colcon.colcon_core.package_identification:_identify(src/COMP0246_Labs/lab1submission) by extensions ['ros']
[0.443s] Level 1:colcon.colcon_core.package_identification:_identify(src/COMP0246_Labs/lab1submission) by extension 'ros'
[0.444s] Level 1:colcon.colcon_core.package_identification:_identify(src/COMP0246_Labs/lab1submission) by extensions ['cmake', 'python']
[0.444s] Level 1:colcon.colcon_core.package_identification:_identify(src/COMP0246_Labs/lab1submission) by extension 'cmake'
[0.444s] Level 1:colcon.colcon_core.package_identification:_identify(src/COMP0246_Labs/lab1submission) by extension 'python'
[0.444s] Level 1:colcon.colcon_core.package_identification:_identify(src/COMP0246_Labs/lab1submission) by extensions ['python_setup_py']
[0.444s] Level 1:colcon.colcon_core.package_identification:_identify(src/COMP0246_Labs/lab1submission) by extension 'python_setup_py'
[0.444s] Level 1:colcon.colcon_core.package_identification:_identify(src/COMP0246_Labs/lab1submission/assets) by extensions ['ignore', 'ignore_ament_install']
[0.444s] Level 1:colcon.colcon_core.package_identification:_identify(src/COMP0246_Labs/lab1submission/assets) by extension 'ignore'
[0.444s] Level 1:colcon.colcon_core.package_identification:_identify(src/COMP0246_Labs/lab1submission/assets) by extension 'ignore_ament_install'
[0.444s] Level 1:colcon.colcon_core.package_identification:_identify(src/COMP0246_Labs/lab1submission/assets) by extensions ['colcon_pkg']
[0.444s] Level 1:colcon.colcon_core.package_identification:_identify(src/COMP0246_Labs/lab1submission/assets) by extension 'colcon_pkg'
[0.444s] Level 1:colcon.colcon_core.package_identification:_identify(src/COMP0246_Labs/lab1submission/assets) by extensions ['colcon_meta']
[0.444s] Level 1:colcon.colcon_core.package_identification:_identify(src/COMP0246_Labs/lab1submission/assets) by extension 'colcon_meta'
[0.444s] Level 1:colcon.colcon_core.package_identification:_identify(src/COMP0246_Labs/lab1submission/assets) by extensions ['ros']
[0.444s] Level 1:colcon.colcon_core.package_identification:_identify(src/COMP0246_Labs/lab1submission/assets) by extension 'ros'
[0.444s] Level 1:colcon.colcon_core.package_identification:_identify(src/COMP0246_Labs/lab1submission/assets) by extensions ['cmake', 'python']
[0.444s] Level 1:colcon.colcon_core.package_identification:_identify(src/COMP0246_Labs/lab1submission/assets) by extension 'cmake'
[0.444s] Level 1:colcon.colcon_core.package_identification:_identify(src/COMP0246_Labs/lab1submission/assets) by extension 'python'
[0.444s] Level 1:colcon.colcon_core.package_identification:_identify(src/COMP0246_Labs/lab1submission/assets) by extensions ['python_setup_py']
[0.444s] Level 1:colcon.colcon_core.package_identification:_identify(src/COMP0246_Labs/lab1submission/assets) by extension 'python_setup_py'
[0.445s] Level 1:colcon.colcon_core.package_identification:_identify(src/COMP0246_Labs/lab1submission/transform_helpers) by extensions ['ignore', 'ignore_ament_install']
[0.445s] Level 1:colcon.colcon_core.package_identification:_identify(src/COMP0246_Labs/lab1submission/transform_helpers) by extension 'ignore'
[0.445s] Level 1:colcon.colcon_core.package_identification:_identify(src/COMP0246_Labs/lab1submission/transform_helpers) by extension 'ignore_ament_install'
[0.445s] Level 1:colcon.colcon_core.package_identification:_identify(src/COMP0246_Labs/lab1submission/transform_helpers) by extensions ['colcon_pkg']
[0.445s] Level 1:colcon.colcon_core.package_identification:_identify(src/COMP0246_Labs/lab1submission/transform_helpers) by extension 'colcon_pkg'
[0.445s] Level 1:colcon.colcon_core.package_identification:_identify(src/COMP0246_Labs/lab1submission/transform_helpers) by extensions ['colcon_meta']
[0.445s] Level 1:colcon.colcon_core.package_identification:_identify(src/COMP0246_Labs/lab1submission/transform_helpers) by extension 'colcon_meta'
[0.445s] Level 1:colcon.colcon_core.package_identification:_identify(src/COMP0246_Labs/lab1submission/transform_helpers) by extensions ['ros']
[0.445s] Level 1:colcon.colcon_core.package_identification:_identify(src/COMP0246_Labs/lab1submission/transform_helpers) by extension 'ros'
[0.445s] DEBUG:colcon.colcon_core.package_identification:Package 'src/COMP0246_Labs/lab1submission/transform_helpers' with type 'ros.ament_python' and name 'transform_helpers'
[0.446s] Level 1:colcon.colcon_core.package_identification:_identify(src/COMP0246_Labs/py_srvcli) by extensions ['ignore', 'ignore_ament_install']
[0.446s] Level 1:colcon.colcon_core.package_identification:_identify(src/COMP0246_Labs/py_srvcli) by extension 'ignore'
[0.446s] Level 1:colcon.colcon_core.package_identification:_identify(src/COMP0246_Labs/py_srvcli) by extension 'ignore_ament_install'
[0.446s] Level 1:colcon.colcon_core.package_identification:_identify(src/COMP0246_Labs/py_srvcli) by extensions ['colcon_pkg']
[0.446s] Level 1:colcon.colcon_core.package_identification:_identify(src/COMP0246_Labs/py_srvcli) by extension 'colcon_pkg'
[0.446s] Level 1:colcon.colcon_core.package_identification:_identify(src/COMP0246_Labs/py_srvcli) by extensions ['colcon_meta']
[0.446s] Level 1:colcon.colcon_core.package_identification:_identify(src/COMP0246_Labs/py_srvcli) by extension 'colcon_meta'
[0.446s] Level 1:colcon.colcon_core.package_identification:_identify(src/COMP0246_Labs/py_srvcli) by extensions ['ros']
[0.446s] Level 1:colcon.colcon_core.package_identification:_identify(src/COMP0246_Labs/py_srvcli) by extension 'ros'
[0.447s] DEBUG:colcon.colcon_core.package_identification:Package 'src/COMP0246_Labs/py_srvcli' with type 'ros.ament_python' and name 'py_srvcli'
[0.447s] Level 1:colcon.colcon_core.package_discovery:discover_packages(recursive) using defaults
[0.447s] Level 1:colcon.colcon_core.package_discovery:discover_packages(ignore) discover
[0.447s] Level 1:colcon.colcon_core.package_discovery:discover_packages(ignore) using defaults
[0.447s] Level 1:colcon.colcon_core.package_discovery:discover_packages(path) discover
[0.447s] Level 1:colcon.colcon_core.package_discovery:discover_packages(path) using defaults
[0.468s] Level 5:colcon.colcon_core.verb:set package 'franka_description' build argument 'cmake_args' from command line to 'None'
[0.468s] Level 5:colcon.colcon_core.verb:set package 'franka_description' build argument 'cmake_target' from command line to 'None'
[0.468s] Level 5:colcon.colcon_core.verb:set package 'franka_description' build argument 'cmake_target_skip_unavailable' from command line to 'False'
[0.468s] Level 5:colcon.colcon_core.verb:set package 'franka_description' build argument 'cmake_clean_cache' from command line to 'False'
[0.468s] Level 5:colcon.colcon_core.verb:set package 'franka_description' build argument 'cmake_clean_first' from command line to 'False'
[0.468s] Level 5:colcon.colcon_core.verb:set package 'franka_description' build argument 'cmake_force_configure' from command line to 'False'
[0.468s] Level 5:colcon.colcon_core.verb:set package 'franka_description' build argument 'ament_cmake_args' from command line to 'None'
[0.468s] Level 5:colcon.colcon_core.verb:set package 'franka_description' build argument 'catkin_cmake_args' from command line to 'None'
[0.468s] Level 5:colcon.colcon_core.verb:set package 'franka_description' build argument 'catkin_skip_building_tests' from command line to 'False'
[0.468s] DEBUG:colcon.colcon_core.verb:Building package 'franka_description' with the following arguments: {'ament_cmake_args': None, 'build_base': '/Users/davidm/Documents/repos/ucl/COMP0246_Labs/lab1submission/ros2_ws/build/franka_description', 'catkin_cmake_args': None, 'catkin_skip_building_tests': False, 'cmake_args': None, 'cmake_clean_cache': False, 'cmake_clean_first': False, 'cmake_force_configure': False, 'cmake_target': None, 'cmake_target_skip_unavailable': False, 'install_base': '/Users/davidm/Documents/repos/ucl/COMP0246_Labs/lab1submission/ros2_ws/install/franka_description', 'merge_install': False, 'path': '/Users/davidm/Documents/repos/ucl/COMP0246_Labs/lab1submission/ros2_ws/src/COMP0246_Labs/franka_description', 'symlink_install': False, 'test_result_base': None}
[0.469s] Level 5:colcon.colcon_core.verb:set package 'py_srvcli' build argument 'cmake_args' from command line to 'None'
[0.469s] Level 5:colcon.colcon_core.verb:set package 'py_srvcli' build argument 'cmake_target' from command line to 'None'
[0.469s] Level 5:colcon.colcon_core.verb:set package 'py_srvcli' build argument 'cmake_target_skip_unavailable' from command line to 'False'
[0.469s] Level 5:colcon.colcon_core.verb:set package 'py_srvcli' build argument 'cmake_clean_cache' from command line to 'False'
[0.469s] Level 5:colcon.colcon_core.verb:set package 'py_srvcli' build argument 'cmake_clean_first' from command line to 'False'
[0.469s] Level 5:colcon.colcon_core.verb:set package 'py_srvcli' build argument 'cmake_force_configure' from command line to 'False'
[0.469s] Level 5:colcon.colcon_core.verb:set package 'py_srvcli' build argument 'ament_cmake_args' from command line to 'None'
[0.469s] Level 5:colcon.colcon_core.verb:set package 'py_srvcli' build argument 'catkin_cmake_args' from command line to 'None'
[0.469s] Level 5:colcon.colcon_core.verb:set package 'py_srvcli' build argument 'catkin_skip_building_tests' from command line to 'False'
[0.469s] DEBUG:colcon.colcon_core.verb:Building package 'py_srvcli' with the following arguments: {'ament_cmake_args': None, 'build_base': '/Users/davidm/Documents/repos/ucl/COMP0246_Labs/lab1submission/ros2_ws/build/py_srvcli', 'catkin_cmake_args': None, 'catkin_skip_building_tests': False, 'cmake_args': None, 'cmake_clean_cache': False, 'cmake_clean_first': False, 'cmake_force_configure': False, 'cmake_target': None, 'cmake_target_skip_unavailable': False, 'install_base': '/Users/davidm/Documents/repos/ucl/COMP0246_Labs/lab1submission/ros2_ws/install/py_srvcli', 'merge_install': False, 'path': '/Users/davidm/Documents/repos/ucl/COMP0246_Labs/lab1submission/ros2_ws/src/COMP0246_Labs/py_srvcli', 'symlink_install': False, 'test_result_base': None}
[0.469s] Level 5:colcon.colcon_core.verb:set package 'youbot_description' build argument 'cmake_args' from command line to 'None'
[0.469s] Level 5:colcon.colcon_core.verb:set package 'youbot_description' build argument 'cmake_target' from command line to 'None'
[0.469s] Level 5:colcon.colcon_core.verb:set package 'youbot_description' build argument 'cmake_target_skip_unavailable' from command line to 'False'
[0.469s] Level 5:colcon.colcon_core.verb:set package 'youbot_description' build argument 'cmake_clean_cache' from command line to 'False'
[0.469s] Level 5:colcon.colcon_core.verb:set package 'youbot_description' build argument 'cmake_clean_first' from command line to 'False'
[0.470s] Level 5:colcon.colcon_core.verb:set package 'youbot_description' build argument 'cmake_force_configure' from command line to 'False'
[0.470s] Level 5:colcon.colcon_core.verb:set package 'youbot_description' build argument 'ament_cmake_args' from command line to 'None'
[0.470s] Level 5:colcon.colcon_core.verb:set package 'youbot_description' build argument 'catkin_cmake_args' from command line to 'None'
[0.470s] Level 5:colcon.colcon_core.verb:set package 'youbot_description' build argument 'catkin_skip_building_tests' from command line to 'False'
[0.470s] DEBUG:colcon.colcon_core.verb:Building package 'youbot_description' with the following arguments: {'ament_cmake_args': None, 'build_base': '/Users/davidm/Documents/repos/ucl/COMP0246_Labs/lab1submission/ros2_ws/build/youbot_description', 'catkin_cmake_args': None, 'catkin_skip_building_tests': False, 'cmake_args': None, 'cmake_clean_cache': False, 'cmake_clean_first': False, 'cmake_force_configure': False, 'cmake_target': None, 'cmake_target_skip_unavailable': False, 'install_base': '/Users/davidm/Documents/repos/ucl/COMP0246_Labs/lab1submission/ros2_ws/install/youbot_description', 'merge_install': False, 'path': '/Users/davidm/Documents/repos/ucl/COMP0246_Labs/lab1submission/ros2_ws/src/COMP0246_Labs/final_lab/youbot_description', 'symlink_install': False, 'test_result_base': None}
[0.470s] Level 5:colcon.colcon_core.verb:set package 'transform_helpers' build argument 'cmake_args' from command line to 'None'
[0.470s] Level 5:colcon.colcon_core.verb:set package 'transform_helpers' build argument 'cmake_target' from command line to 'None'
[0.470s] Level 5:colcon.colcon_core.verb:set package 'transform_helpers' build argument 'cmake_target_skip_unavailable' from command line to 'False'
[0.470s] Level 5:colcon.colcon_core.verb:set package 'transform_helpers' build argument 'cmake_clean_cache' from command line to 'False'
[0.470s] Level 5:colcon.colcon_core.verb:set package 'transform_helpers' build argument 'cmake_clean_first' from command line to 'False'
[0.470s] Level 5:colcon.colcon_core.verb:set package 'transform_helpers' build argument 'cmake_force_configure' from command line to 'False'
[0.470s] Level 5:colcon.colcon_core.verb:set package 'transform_helpers' build argument 'ament_cmake_args' from command line to 'None'
[0.470s] Level 5:colcon.colcon_core.verb:set package 'transform_helpers' build argument 'catkin_cmake_args' from command line to 'None'
[0.470s] Level 5:colcon.colcon_core.verb:set package 'transform_helpers' build argument 'catkin_skip_building_tests' from command line to 'False'
[0.470s] DEBUG:colcon.colcon_core.verb:Building package 'transform_helpers' with the following arguments: {'ament_cmake_args': None, 'build_base': '/Users/davidm/Documents/repos/ucl/COMP0246_Labs/lab1submission/ros2_ws/build/transform_helpers', 'catkin_cmake_args': None, 'catkin_skip_building_tests': False, 'cmake_args': None, 'cmake_clean_cache': False, 'cmake_clean_first': False, 'cmake_force_configure': False, 'cmake_target': None, 'cmake_target_skip_unavailable': False, 'install_base': '/Users/davidm/Documents/repos/ucl/COMP0246_Labs/lab1submission/ros2_ws/install/transform_helpers', 'merge_install': False, 'path': '/Users/davidm/Documents/repos/ucl/COMP0246_Labs/lab1submission/ros2_ws/src/COMP0246_Labs/lab1submission/transform_helpers', 'symlink_install': False, 'test_result_base': None}
[0.470s] Level 5:colcon.colcon_core.verb:set package 'youbot_kinematics' build argument 'cmake_args' from command line to 'None'
[0.470s] Level 5:colcon.colcon_core.verb:set package 'youbot_kinematics' build argument 'cmake_target' from command line to 'None'
[0.471s] Level 5:colcon.colcon_core.verb:set package 'youbot_kinematics' build argument 'cmake_target_skip_unavailable' from command line to 'False'
[0.471s] Level 5:colcon.colcon_core.verb:set package 'youbot_kinematics' build argument 'cmake_clean_cache' from command line to 'False'
[0.471s] Level 5:colcon.colcon_core.verb:set package 'youbot_kinematics' build argument 'cmake_clean_first' from command line to 'False'
[0.471s] Level 5:colcon.colcon_core.verb:set package 'youbot_kinematics' build argument 'cmake_force_configure' from command line to 'False'
[0.471s] Level 5:colcon.colcon_core.verb:set package 'youbot_kinematics' build argument 'ament_cmake_args' from command line to 'None'
[0.471s] Level 5:colcon.colcon_core.verb:set package 'youbot_kinematics' build argument 'catkin_cmake_args' from command line to 'None'
[0.471s] Level 5:colcon.colcon_core.verb:set package 'youbot_kinematics' build argument 'catkin_skip_building_tests' from command line to 'False'
[0.471s] DEBUG:colcon.colcon_core.verb:Building package 'youbot_kinematics' with the following arguments: {'ament_cmake_args': None, 'build_base': '/Users/davidm/Documents/repos/ucl/COMP0246_Labs/lab1submission/ros2_ws/build/youbot_kinematics', 'catkin_cmake_args': None, 'catkin_skip_building_tests': False, 'cmake_args': None, 'cmake_clean_cache': False, 'cmake_clean_first': False, 'cmake_force_configure': False, 'cmake_target': None, 'cmake_target_skip_unavailable': False, 'install_base': '/Users/davidm/Documents/repos/ucl/COMP0246_Labs/lab1submission/ros2_ws/install/youbot_kinematics', 'merge_install': False, 'path': '/Users/davidm/Documents/repos/ucl/COMP0246_Labs/lab1submission/ros2_ws/src/COMP0246_Labs/final_lab/youbot_kinematics', 'symlink_install': False, 'test_result_base': None}
[0.471s] INFO:colcon.colcon_core.executor:Executing jobs using 'parallel' executor
[0.472s] DEBUG:colcon.colcon_parallel_executor.executor.parallel:run_until_complete
[0.473s] INFO:colcon.colcon_ros.task.ament_cmake.build:Building ROS package in '/Users/davidm/Documents/repos/ucl/COMP0246_Labs/lab1submission/ros2_ws/src/COMP0246_Labs/franka_description' with build type 'ament_cmake'
[0.473s] INFO:colcon.colcon_cmake.task.cmake.build:Building CMake package in '/Users/davidm/Documents/repos/ucl/COMP0246_Labs/lab1submission/ros2_ws/src/COMP0246_Labs/franka_description'
[0.477s] INFO:colcon.colcon_core.plugin_system:Skipping extension 'colcon_core.shell.bat': Not used on non-Windows systems
[0.477s] INFO:colcon.colcon_core.shell:Skip shell extension 'powershell' for command environment: Not usable outside of PowerShell
[0.477s] DEBUG:colcon.colcon_core.shell:Skip shell extension 'dsv' for command environment
[0.487s] INFO:colcon.colcon_ros.task.ament_python.build:Building ROS package in '/Users/davidm/Documents/repos/ucl/COMP0246_Labs/lab1submission/ros2_ws/src/COMP0246_Labs/final_lab/youbot_description' with build type 'ament_python'
[0.488s] Level 1:colcon.colcon_core.shell:create_environment_hook('youbot_description', 'ament_prefix_path')
[0.488s] INFO:colcon.colcon_core.shell:Creating environment hook '/Users/davidm/Documents/repos/ucl/COMP0246_Labs/lab1submission/ros2_ws/install/youbot_description/share/youbot_description/hook/ament_prefix_path.ps1'
[0.490s] INFO:colcon.colcon_core.shell:Creating environment descriptor '/Users/davidm/Documents/repos/ucl/COMP0246_Labs/lab1submission/ros2_ws/install/youbot_description/share/youbot_description/hook/ament_prefix_path.dsv'
[0.490s] INFO:colcon.colcon_core.shell:Creating environment hook '/Users/davidm/Documents/repos/ucl/COMP0246_Labs/lab1submission/ros2_ws/install/youbot_description/share/youbot_description/hook/ament_prefix_path.sh'
[0.491s] INFO:colcon.colcon_core.shell:Skip shell extension 'powershell' for command environment: Not usable outside of PowerShell
[0.492s] DEBUG:colcon.colcon_core.shell:Skip shell extension 'dsv' for command environment
[0.502s] INFO:colcon.colcon_ros.task.ament_python.build:Building ROS package in '/Users/davidm/Documents/repos/ucl/COMP0246_Labs/lab1submission/ros2_ws/src/COMP0246_Labs/py_srvcli' with build type 'ament_python'
[0.503s] Level 1:colcon.colcon_core.shell:create_environment_hook('py_srvcli', 'ament_prefix_path')
[0.503s] INFO:colcon.colcon_core.shell:Creating environment hook '/Users/davidm/Documents/repos/ucl/COMP0246_Labs/lab1submission/ros2_ws/install/py_srvcli/share/py_srvcli/hook/ament_prefix_path.ps1'
[0.505s] INFO:colcon.colcon_core.shell:Creating environment descriptor '/Users/davidm/Documents/repos/ucl/COMP0246_Labs/lab1submission/ros2_ws/install/py_srvcli/share/py_srvcli/hook/ament_prefix_path.dsv'
[0.506s] INFO:colcon.colcon_core.shell:Creating environment hook '/Users/davidm/Documents/repos/ucl/COMP0246_Labs/lab1submission/ros2_ws/install/py_srvcli/share/py_srvcli/hook/ament_prefix_path.sh'
[0.507s] INFO:colcon.colcon_core.shell:Skip shell extension 'powershell' for command environment: Not usable outside of PowerShell
[0.507s] DEBUG:colcon.colcon_core.shell:Skip shell extension 'dsv' for command environment
[0.528s] DEBUG:colcon.colcon_core.event_handler.log_command:Invoking command in '/Users/davidm/Documents/repos/ucl/COMP0246_Labs/lab1submission/ros2_ws/build/franka_description': CMAKE_PREFIX_PATH=${CMAKE_PREFIX_PATH}:/Users/davidm/Documents/repos/ucl/COMP0246_Labs/lab1submission/ros2_ws/install/youbot_kinematics:/Users/davidm/Documents/repos/ucl/COMP0246_Labs/lab1submission/ros2_ws/install/youbot_description:/Users/davidm/Documents/repos/ucl/COMP0246_Labs/lab1submission/ros2_ws/install/transform_helpers:/Users/davidm/Documents/repos/ucl/COMP0246_Labs/lab1submission/ros2_ws/install/py_srvcli:/Users/davidm/miniforge3/envs/roboenv-py3.10 CONDA_PROMPT_MODIFIER=(roboenv-py3.10) SHLVL=2 _=/usr/bin/env /Users/davidm/miniforge3/envs/roboenv-py3.10/bin/cmake --build /Users/davidm/Documents/repos/ucl/COMP0246_Labs/lab1submission/ros2_ws/build/franka_description -- -j8 -l8
[1.398s] INFO:colcon.colcon_core.task.python.build:Building Python package in '/Users/davidm/Documents/repos/ucl/COMP0246_Labs/lab1submission/ros2_ws/src/COMP0246_Labs/final_lab/youbot_description'
[1.399s] INFO:colcon.colcon_core.shell:Skip shell extension 'powershell' for command environment: Not usable outside of PowerShell
[1.399s] DEBUG:colcon.colcon_core.shell:Skip shell extension 'dsv' for command environment
[2.319s] INFO:colcon.colcon_core.task.python.build:Building Python package in '/Users/davidm/Documents/repos/ucl/COMP0246_Labs/lab1submission/ros2_ws/src/COMP0246_Labs/py_srvcli'
[2.320s] INFO:colcon.colcon_core.shell:Skip shell extension 'powershell' for command environment: Not usable outside of PowerShell
[2.320s] DEBUG:colcon.colcon_core.shell:Skip shell extension 'dsv' for command environment
[2.329s] DEBUG:colcon.colcon_core.event_handler.log_command:Invoked command in '/Users/davidm/Documents/repos/ucl/COMP0246_Labs/lab1submission/ros2_ws/build/franka_description' returned '0': CMAKE_PREFIX_PATH=${CMAKE_PREFIX_PATH}:/Users/davidm/Documents/repos/ucl/COMP0246_Labs/lab1submission/ros2_ws/install/youbot_kinematics:/Users/davidm/Documents/repos/ucl/COMP0246_Labs/lab1submission/ros2_ws/install/youbot_description:/Users/davidm/Documents/repos/ucl/COMP0246_Labs/lab1submission/ros2_ws/install/transform_helpers:/Users/davidm/Documents/repos/ucl/COMP0246_Labs/lab1submission/ros2_ws/install/py_srvcli:/Users/davidm/miniforge3/envs/roboenv-py3.10 CONDA_PROMPT_MODIFIER=(roboenv-py3.10) SHLVL=2 _=/usr/bin/env /Users/davidm/miniforge3/envs/roboenv-py3.10/bin/cmake --build /Users/davidm/Documents/repos/ucl/COMP0246_Labs/lab1submission/ros2_ws/build/franka_description -- -j8 -l8
[2.361s] DEBUG:colcon.colcon_core.event_handler.log_command:Invoking command in '/Users/davidm/Documents/repos/ucl/COMP0246_Labs/lab1submission/ros2_ws/build/franka_description': CMAKE_PREFIX_PATH=${CMAKE_PREFIX_PATH}:/Users/davidm/Documents/repos/ucl/COMP0246_Labs/lab1submission/ros2_ws/install/youbot_kinematics:/Users/davidm/Documents/repos/ucl/COMP0246_Labs/lab1submission/ros2_ws/install/youbot_description:/Users/davidm/Documents/repos/ucl/COMP0246_Labs/lab1submission/ros2_ws/install/transform_helpers:/Users/davidm/Documents/repos/ucl/COMP0246_Labs/lab1submission/ros2_ws/install/py_srvcli:/Users/davidm/miniforge3/envs/roboenv-py3.10 CONDA_PROMPT_MODIFIER=(roboenv-py3.10) SHLVL=2 _=/usr/bin/env /Users/davidm/miniforge3/envs/roboenv-py3.10/bin/cmake --install /Users/davidm/Documents/repos/ucl/COMP0246_Labs/lab1submission/ros2_ws/build/franka_description
[2.410s] Level 1:colcon.colcon_core.environment:create_environment_scripts_only(franka_description)
[2.426s] Level 1:colcon.colcon_core.environment:checking '/Users/davidm/Documents/repos/ucl/COMP0246_Labs/lab1submission/ros2_ws/install/franka_description' for CMake module files
[2.432s] Level 1:colcon.colcon_core.environment:checking '/Users/davidm/Documents/repos/ucl/COMP0246_Labs/lab1submission/ros2_ws/install/franka_description' for CMake config files
[2.438s] DEBUG:colcon.colcon_core.event_handler.log_command:Invoked command in '/Users/davidm/Documents/repos/ucl/COMP0246_Labs/lab1submission/ros2_ws/build/franka_description' returned '0': CMAKE_PREFIX_PATH=${CMAKE_PREFIX_PATH}:/Users/davidm/Documents/repos/ucl/COMP0246_Labs/lab1submission/ros2_ws/install/youbot_kinematics:/Users/davidm/Documents/repos/ucl/COMP0246_Labs/lab1submission/ros2_ws/install/youbot_description:/Users/davidm/Documents/repos/ucl/COMP0246_Labs/lab1submission/ros2_ws/install/transform_helpers:/Users/davidm/Documents/repos/ucl/COMP0246_Labs/lab1submission/ros2_ws/install/py_srvcli:/Users/davidm/miniforge3/envs/roboenv-py3.10 CONDA_PROMPT_MODIFIER=(roboenv-py3.10) SHLVL=2 _=/usr/bin/env /Users/davidm/miniforge3/envs/roboenv-py3.10/bin/cmake --install /Users/davidm/Documents/repos/ucl/COMP0246_Labs/lab1submission/ros2_ws/build/franka_description
[2.438s] Level 1:colcon.colcon_core.shell:create_environment_hook('franka_description', 'cmake_prefix_path')
[2.439s] INFO:colcon.colcon_core.shell:Creating environment hook '/Users/davidm/Documents/repos/ucl/COMP0246_Labs/lab1submission/ros2_ws/install/franka_description/share/franka_description/hook/cmake_prefix_path.ps1'
[2.440s] INFO:colcon.colcon_core.shell:Creating environment descriptor '/Users/davidm/Documents/repos/ucl/COMP0246_Labs/lab1submission/ros2_ws/install/franka_description/share/franka_description/hook/cmake_prefix_path.dsv'
[2.441s] INFO:colcon.colcon_core.shell:Creating environment hook '/Users/davidm/Documents/repos/ucl/COMP0246_Labs/lab1submission/ros2_ws/install/franka_description/share/franka_description/hook/cmake_prefix_path.sh'
[2.442s] Level 1:colcon.colcon_core.environment:checking '/Users/davidm/Documents/repos/ucl/COMP0246_Labs/lab1submission/ros2_ws/install/franka_description/lib'
[2.443s] Level 1:colcon.colcon_core.environment:checking '/Users/davidm/Documents/repos/ucl/COMP0246_Labs/lab1submission/ros2_ws/install/franka_description/bin'
[2.443s] Level 1:colcon.colcon_core.environment:checking '/Users/davidm/Documents/repos/ucl/COMP0246_Labs/lab1submission/ros2_ws/install/franka_description/lib/pkgconfig/franka_description.pc'
[2.444s] Level 1:colcon.colcon_core.environment:checking '/Users/davidm/Documents/repos/ucl/COMP0246_Labs/lab1submission/ros2_ws/install/franka_description/lib/python3.10/site-packages'
[2.444s] Level 1:colcon.colcon_core.environment:checking '/Users/davidm/Documents/repos/ucl/COMP0246_Labs/lab1submission/ros2_ws/install/franka_description/bin'
[2.445s] INFO:colcon.colcon_core.shell:Creating package script '/Users/davidm/Documents/repos/ucl/COMP0246_Labs/lab1submission/ros2_ws/install/franka_description/share/franka_description/package.ps1'
[2.447s] INFO:colcon.colcon_core.shell:Creating package descriptor '/Users/davidm/Documents/repos/ucl/COMP0246_Labs/lab1submission/ros2_ws/install/franka_description/share/franka_description/package.dsv'
[2.448s] INFO:colcon.colcon_core.shell:Creating package script '/Users/davidm/Documents/repos/ucl/COMP0246_Labs/lab1submission/ros2_ws/install/franka_description/share/franka_description/package.sh'
[2.450s] INFO:colcon.colcon_core.shell:Creating package script '/Users/davidm/Documents/repos/ucl/COMP0246_Labs/lab1submission/ros2_ws/install/franka_description/share/franka_description/package.bash'
[2.451s] INFO:colcon.colcon_core.shell:Creating package script '/Users/davidm/Documents/repos/ucl/COMP0246_Labs/lab1submission/ros2_ws/install/franka_description/share/franka_description/package.zsh'
[2.453s] Level 1:colcon.colcon_core.environment:create_file_with_runtime_dependencies(/Users/davidm/Documents/repos/ucl/COMP0246_Labs/lab1submission/ros2_ws/install/franka_description/share/colcon-core/packages/franka_description)
[2.454s] Level 1:colcon.colcon_core.environment:create_environment_scripts_only(franka_description)
[2.455s] Level 1:colcon.colcon_core.environment:checking '/Users/davidm/Documents/repos/ucl/COMP0246_Labs/lab1submission/ros2_ws/install/franka_description' for CMake module files
[2.456s] Level 1:colcon.colcon_core.environment:checking '/Users/davidm/Documents/repos/ucl/COMP0246_Labs/lab1submission/ros2_ws/install/franka_description' for CMake config files
[2.457s] Level 1:colcon.colcon_core.shell:create_environment_hook('franka_description', 'cmake_prefix_path')
[2.457s] INFO:colcon.colcon_core.shell:Creating environment hook '/Users/davidm/Documents/repos/ucl/COMP0246_Labs/lab1submission/ros2_ws/install/franka_description/share/franka_description/hook/cmake_prefix_path.ps1'
[2.459s] INFO:colcon.colcon_core.shell:Creating environment descriptor '/Users/davidm/Documents/repos/ucl/COMP0246_Labs/lab1submission/ros2_ws/install/franka_description/share/franka_description/hook/cmake_prefix_path.dsv'
[2.460s] INFO:colcon.colcon_core.shell:Creating environment hook '/Users/davidm/Documents/repos/ucl/COMP0246_Labs/lab1submission/ros2_ws/install/franka_description/share/franka_description/hook/cmake_prefix_path.sh'
[2.462s] Level 1:colcon.colcon_core.environment:checking '/Users/davidm/Documents/repos/ucl/COMP0246_Labs/lab1submission/ros2_ws/install/franka_description/lib'
[2.462s] Level 1:colcon.colcon_core.environment:checking '/Users/davidm/Documents/repos/ucl/COMP0246_Labs/lab1submission/ros2_ws/install/franka_description/bin'
[2.462s] Level 1:colcon.colcon_core.environment:checking '/Users/davidm/Documents/repos/ucl/COMP0246_Labs/lab1submission/ros2_ws/install/franka_description/lib/pkgconfig/franka_description.pc'
[2.462s] Level 1:colcon.colcon_core.environment:checking '/Users/davidm/Documents/repos/ucl/COMP0246_Labs/lab1submission/ros2_ws/install/franka_description/lib/python3.10/site-packages'
[2.463s] Level 1:colcon.colcon_core.environment:checking '/Users/davidm/Documents/repos/ucl/COMP0246_Labs/lab1submission/ros2_ws/install/franka_description/bin'
[2.463s] INFO:colcon.colcon_core.shell:Creating package script '/Users/davidm/Documents/repos/ucl/COMP0246_Labs/lab1submission/ros2_ws/install/franka_description/share/franka_description/package.ps1'
[2.465s] INFO:colcon.colcon_core.shell:Creating package descriptor '/Users/davidm/Documents/repos/ucl/COMP0246_Labs/lab1submission/ros2_ws/install/franka_description/share/franka_description/package.dsv'
[2.466s] INFO:colcon.colcon_core.shell:Creating package script '/Users/davidm/Documents/repos/ucl/COMP0246_Labs/lab1submission/ros2_ws/install/franka_description/share/franka_description/package.sh'
[2.467s] INFO:colcon.colcon_core.shell:Creating package script '/Users/davidm/Documents/repos/ucl/COMP0246_Labs/lab1submission/ros2_ws/install/franka_description/share/franka_description/package.bash'
[2.468s] INFO:colcon.colcon_core.shell:Creating package script '/Users/davidm/Documents/repos/ucl/COMP0246_Labs/lab1submission/ros2_ws/install/franka_description/share/franka_description/package.zsh'
[2.468s] Level 1:colcon.colcon_core.environment:create_file_with_runtime_dependencies(/Users/davidm/Documents/repos/ucl/COMP0246_Labs/lab1submission/ros2_ws/install/franka_description/share/colcon-core/packages/franka_description)
[2.469s] INFO:colcon.colcon_ros.task.ament_python.build:Building ROS package in '/Users/davidm/Documents/repos/ucl/COMP0246_Labs/lab1submission/ros2_ws/src/COMP0246_Labs/lab1submission/transform_helpers' with build type 'ament_python'
[2.470s] Level 1:colcon.colcon_core.shell:create_environment_hook('transform_helpers', 'ament_prefix_path')
[2.470s] INFO:colcon.colcon_core.shell:Creating environment hook '/Users/davidm/Documents/repos/ucl/COMP0246_Labs/lab1submission/ros2_ws/install/transform_helpers/share/transform_helpers/hook/ament_prefix_path.ps1'
[2.471s] INFO:colcon.colcon_core.shell:Creating environment descriptor '/Users/davidm/Documents/repos/ucl/COMP0246_Labs/lab1submission/ros2_ws/install/transform_helpers/share/transform_helpers/hook/ament_prefix_path.dsv'
[2.472s] INFO:colcon.colcon_core.shell:Creating environment hook '/Users/davidm/Documents/repos/ucl/COMP0246_Labs/lab1submission/ros2_ws/install/transform_helpers/share/transform_helpers/hook/ament_prefix_path.sh'
[2.474s] INFO:colcon.colcon_core.shell:Skip shell extension 'powershell' for command environment: Not usable outside of PowerShell
[2.474s] DEBUG:colcon.colcon_core.shell:Skip shell extension 'dsv' for command environment
[3.410s] INFO:colcon.colcon_core.task.python.build:Building Python package in '/Users/davidm/Documents/repos/ucl/COMP0246_Labs/lab1submission/ros2_ws/src/COMP0246_Labs/lab1submission/transform_helpers'
[3.411s] INFO:colcon.colcon_core.shell:Skip shell extension 'powershell' for command environment: Not usable outside of PowerShell
[3.411s] DEBUG:colcon.colcon_core.shell:Skip shell extension 'dsv' for command environment
[3.734s] DEBUG:colcon.colcon_core.event_handler.log_command:Invoking command in '/Users/davidm/Documents/repos/ucl/COMP0246_Labs/lab1submission/ros2_ws/src/COMP0246_Labs/final_lab/youbot_description': CONDA_PROMPT_MODIFIER=(roboenv-py3.10) PYTHONPATH=/Users/davidm/Documents/repos/ucl/COMP0246_Labs/lab1submission/ros2_ws/build/youbot_description/prefix_override:/Users/davidm/miniforge3/envs/roboenv-py3.10/lib/python3.10/site-packages/colcon_core/task/python/colcon_distutils_commands:/Users/davidm/Documents/repos/ucl/COMP0246_Labs/lab1submission/ros2_ws/install/youbot_description/lib/python3.10/site-packages:${PYTHONPATH} SHLVL=2 _=/usr/bin/env /Users/davidm/miniforge3/envs/roboenv-py3.10/bin/python -W ignore:setup.py install is deprecated -W ignore:easy_install command is deprecated setup.py egg_info --egg-base ../../../../build/youbot_description build --build-base /Users/davidm/Documents/repos/ucl/COMP0246_Labs/lab1submission/ros2_ws/build/youbot_description/build install --record /Users/davidm/Documents/repos/ucl/COMP0246_Labs/lab1submission/ros2_ws/build/youbot_description/install.log --single-version-externally-managed install_data
[3.742s] DEBUG:colcon.colcon_core.event_handler.log_command:Invoking command in '/Users/davidm/Documents/repos/ucl/COMP0246_Labs/lab1submission/ros2_ws/src/COMP0246_Labs/py_srvcli': CONDA_PROMPT_MODIFIER=(roboenv-py3.10) PYTHONPATH=/Users/davidm/Documents/repos/ucl/COMP0246_Labs/lab1submission/ros2_ws/build/py_srvcli/prefix_override:/Users/davidm/miniforge3/envs/roboenv-py3.10/lib/python3.10/site-packages/colcon_core/task/python/colcon_distutils_commands:/Users/davidm/Documents/repos/ucl/COMP0246_Labs/lab1submission/ros2_ws/install/py_srvcli/lib/python3.10/site-packages:${PYTHONPATH} SHLVL=2 _=/usr/bin/env /Users/davidm/miniforge3/envs/roboenv-py3.10/bin/python -W ignore:setup.py install is deprecated -W ignore:easy_install command is deprecated setup.py egg_info --egg-base ../../../build/py_srvcli build --build-base /Users/davidm/Documents/repos/ucl/COMP0246_Labs/lab1submission/ros2_ws/build/py_srvcli/build install --record /Users/davidm/Documents/repos/ucl/COMP0246_Labs/lab1submission/ros2_ws/build/py_srvcli/install.log --single-version-externally-managed install_data
[4.755s] DEBUG:colcon.colcon_core.event_handler.log_command:Invoking command in '/Users/davidm/Documents/repos/ucl/COMP0246_Labs/lab1submission/ros2_ws/src/COMP0246_Labs/lab1submission/transform_helpers': CONDA_PROMPT_MODIFIER=(roboenv-py3.10) PYTHONPATH=/Users/davidm/Documents/repos/ucl/COMP0246_Labs/lab1submission/ros2_ws/build/transform_helpers/prefix_override:/Users/davidm/miniforge3/envs/roboenv-py3.10/lib/python3.10/site-packages/colcon_core/task/python/colcon_distutils_commands:/Users/davidm/Documents/repos/ucl/COMP0246_Labs/lab1submission/ros2_ws/install/transform_helpers/lib/python3.10/site-packages:${PYTHONPATH} SHLVL=2 _=/usr/bin/env /Users/davidm/miniforge3/envs/roboenv-py3.10/bin/python -W ignore:setup.py install is deprecated -W ignore:easy_install command is deprecated setup.py egg_info --egg-base ../../../../build/transform_helpers build --build-base /Users/davidm/Documents/repos/ucl/COMP0246_Labs/lab1submission/ros2_ws/build/transform_helpers/build install --record /Users/davidm/Documents/repos/ucl/COMP0246_Labs/lab1submission/ros2_ws/build/transform_helpers/install.log --single-version-externally-managed install_data
[5.759s] Level 1:colcon.colcon_core.environment:checking '/Users/davidm/Documents/repos/ucl/COMP0246_Labs/lab1submission/ros2_ws/install/youbot_description' for CMake module files
[5.760s] DEBUG:colcon.colcon_core.event_handler.log_command:Invoked command in '/Users/davidm/Documents/repos/ucl/COMP0246_Labs/lab1submission/ros2_ws/src/COMP0246_Labs/final_lab/youbot_description' returned '0': CONDA_PROMPT_MODIFIER=(roboenv-py3.10) PYTHONPATH=/Users/davidm/Documents/repos/ucl/COMP0246_Labs/lab1submission/ros2_ws/build/youbot_description/prefix_override:/Users/davidm/miniforge3/envs/roboenv-py3.10/lib/python3.10/site-packages/colcon_core/task/python/colcon_distutils_commands:/Users/davidm/Documents/repos/ucl/COMP0246_Labs/lab1submission/ros2_ws/install/youbot_description/lib/python3.10/site-packages:${PYTHONPATH} SHLVL=2 _=/usr/bin/env /Users/davidm/miniforge3/envs/roboenv-py3.10/bin/python -W ignore:setup.py install is deprecated -W ignore:easy_install command is deprecated setup.py egg_info --egg-base ../../../../build/youbot_description build --build-base /Users/davidm/Documents/repos/ucl/COMP0246_Labs/lab1submission/ros2_ws/build/youbot_description/build install --record /Users/davidm/Documents/repos/ucl/COMP0246_Labs/lab1submission/ros2_ws/build/youbot_description/install.log --single-version-externally-managed install_data
[5.760s] Level 1:colcon.colcon_core.environment:checking '/Users/davidm/Documents/repos/ucl/COMP0246_Labs/lab1submission/ros2_ws/install/youbot_description' for CMake config files
[5.762s] Level 1:colcon.colcon_core.environment:checking '/Users/davidm/Documents/repos/ucl/COMP0246_Labs/lab1submission/ros2_ws/install/youbot_description/lib'
[5.762s] Level 1:colcon.colcon_core.environment:checking '/Users/davidm/Documents/repos/ucl/COMP0246_Labs/lab1submission/ros2_ws/install/youbot_description/bin'
[5.762s] Level 1:colcon.colcon_core.environment:checking '/Users/davidm/Documents/repos/ucl/COMP0246_Labs/lab1submission/ros2_ws/install/youbot_description/lib/pkgconfig/youbot_description.pc'
[5.763s] Level 1:colcon.colcon_core.environment:checking '/Users/davidm/Documents/repos/ucl/COMP0246_Labs/lab1submission/ros2_ws/install/youbot_description/lib/python3.10/site-packages'
[5.763s] Level 1:colcon.colcon_core.shell:create_environment_hook('youbot_description', 'pythonpath')
[5.763s] INFO:colcon.colcon_core.shell:Creating environment hook '/Users/davidm/Documents/repos/ucl/COMP0246_Labs/lab1submission/ros2_ws/install/youbot_description/share/youbot_description/hook/pythonpath.ps1'
[5.764s] INFO:colcon.colcon_core.shell:Creating environment descriptor '/Users/davidm/Documents/repos/ucl/COMP0246_Labs/lab1submission/ros2_ws/install/youbot_description/share/youbot_description/hook/pythonpath.dsv'
[5.765s] INFO:colcon.colcon_core.shell:Creating environment hook '/Users/davidm/Documents/repos/ucl/COMP0246_Labs/lab1submission/ros2_ws/install/youbot_description/share/youbot_description/hook/pythonpath.sh'
[5.765s] Level 1:colcon.colcon_core.environment:checking '/Users/davidm/Documents/repos/ucl/COMP0246_Labs/lab1submission/ros2_ws/install/youbot_description/bin'
[5.766s] Level 1:colcon.colcon_core.environment:create_environment_scripts_only(youbot_description)
[5.766s] INFO:colcon.colcon_core.shell:Creating package script '/Users/davidm/Documents/repos/ucl/COMP0246_Labs/lab1submission/ros2_ws/install/youbot_description/share/youbot_description/package.ps1'
[5.767s] INFO:colcon.colcon_core.shell:Creating package descriptor '/Users/davidm/Documents/repos/ucl/COMP0246_Labs/lab1submission/ros2_ws/install/youbot_description/share/youbot_description/package.dsv'
[5.768s] INFO:colcon.colcon_core.shell:Creating package script '/Users/davidm/Documents/repos/ucl/COMP0246_Labs/lab1submission/ros2_ws/install/youbot_description/share/youbot_description/package.sh'
[5.768s] INFO:colcon.colcon_core.shell:Creating package script '/Users/davidm/Documents/repos/ucl/COMP0246_Labs/lab1submission/ros2_ws/install/youbot_description/share/youbot_description/package.bash'
[5.769s] INFO:colcon.colcon_core.shell:Creating package script '/Users/davidm/Documents/repos/ucl/COMP0246_Labs/lab1submission/ros2_ws/install/youbot_description/share/youbot_description/package.zsh'
[5.770s] Level 1:colcon.colcon_core.environment:create_file_with_runtime_dependencies(/Users/davidm/Documents/repos/ucl/COMP0246_Labs/lab1submission/ros2_ws/install/youbot_description/share/colcon-core/packages/youbot_description)
[5.772s] Level 1:colcon.colcon_core.environment:checking '/Users/davidm/Documents/repos/ucl/COMP0246_Labs/lab1submission/ros2_ws/install/py_srvcli' for CMake module files
[5.774s] DEBUG:colcon.colcon_core.event_handler.log_command:Invoked command in '/Users/davidm/Documents/repos/ucl/COMP0246_Labs/lab1submission/ros2_ws/src/COMP0246_Labs/py_srvcli' returned '0': CONDA_PROMPT_MODIFIER=(roboenv-py3.10) PYTHONPATH=/Users/davidm/Documents/repos/ucl/COMP0246_Labs/lab1submission/ros2_ws/build/py_srvcli/prefix_override:/Users/davidm/miniforge3/envs/roboenv-py3.10/lib/python3.10/site-packages/colcon_core/task/python/colcon_distutils_commands:/Users/davidm/Documents/repos/ucl/COMP0246_Labs/lab1submission/ros2_ws/install/py_srvcli/lib/python3.10/site-packages:${PYTHONPATH} SHLVL=2 _=/usr/bin/env /Users/davidm/miniforge3/envs/roboenv-py3.10/bin/python -W ignore:setup.py install is deprecated -W ignore:easy_install command is deprecated setup.py egg_info --egg-base ../../../build/py_srvcli build --build-base /Users/davidm/Documents/repos/ucl/COMP0246_Labs/lab1submission/ros2_ws/build/py_srvcli/build install --record /Users/davidm/Documents/repos/ucl/COMP0246_Labs/lab1submission/ros2_ws/build/py_srvcli/install.log --single-version-externally-managed install_data
[5.775s] Level 1:colcon.colcon_core.environment:checking '/Users/davidm/Documents/repos/ucl/COMP0246_Labs/lab1submission/ros2_ws/install/py_srvcli' for CMake config files
[5.776s] Level 1:colcon.colcon_core.environment:checking '/Users/davidm/Documents/repos/ucl/COMP0246_Labs/lab1submission/ros2_ws/install/py_srvcli/lib'
[5.777s] Level 1:colcon.colcon_core.environment:checking '/Users/davidm/Documents/repos/ucl/COMP0246_Labs/lab1submission/ros2_ws/install/py_srvcli/bin'
[5.777s] Level 1:colcon.colcon_core.environment:checking '/Users/davidm/Documents/repos/ucl/COMP0246_Labs/lab1submission/ros2_ws/install/py_srvcli/lib/pkgconfig/py_srvcli.pc'
[5.777s] Level 1:colcon.colcon_core.environment:checking '/Users/davidm/Documents/repos/ucl/COMP0246_Labs/lab1submission/ros2_ws/install/py_srvcli/lib/python3.10/site-packages'
[5.777s] Level 1:colcon.colcon_core.shell:create_environment_hook('py_srvcli', 'pythonpath')
[5.777s] INFO:colcon.colcon_core.shell:Creating environment hook '/Users/davidm/Documents/repos/ucl/COMP0246_Labs/lab1submission/ros2_ws/install/py_srvcli/share/py_srvcli/hook/pythonpath.ps1'
[5.778s] INFO:colcon.colcon_core.shell:Creating environment descriptor '/Users/davidm/Documents/repos/ucl/COMP0246_Labs/lab1submission/ros2_ws/install/py_srvcli/share/py_srvcli/hook/pythonpath.dsv'
[5.779s] INFO:colcon.colcon_core.shell:Creating environment hook '/Users/davidm/Documents/repos/ucl/COMP0246_Labs/lab1submission/ros2_ws/install/py_srvcli/share/py_srvcli/hook/pythonpath.sh'
[5.781s] Level 1:colcon.colcon_core.environment:checking '/Users/davidm/Documents/repos/ucl/COMP0246_Labs/lab1submission/ros2_ws/install/py_srvcli/bin'
[5.781s] Level 1:colcon.colcon_core.environment:create_environment_scripts_only(py_srvcli)
[5.781s] INFO:colcon.colcon_core.shell:Creating package script '/Users/davidm/Documents/repos/ucl/COMP0246_Labs/lab1submission/ros2_ws/install/py_srvcli/share/py_srvcli/package.ps1'
[5.783s] INFO:colcon.colcon_core.shell:Creating package descriptor '/Users/davidm/Documents/repos/ucl/COMP0246_Labs/lab1submission/ros2_ws/install/py_srvcli/share/py_srvcli/package.dsv'
[5.784s] INFO:colcon.colcon_core.shell:Creating package script '/Users/davidm/Documents/repos/ucl/COMP0246_Labs/lab1submission/ros2_ws/install/py_srvcli/share/py_srvcli/package.sh'
[5.785s] INFO:colcon.colcon_core.shell:Creating package script '/Users/davidm/Documents/repos/ucl/COMP0246_Labs/lab1submission/ros2_ws/install/py_srvcli/share/py_srvcli/package.bash'
[5.786s] INFO:colcon.colcon_core.shell:Creating package script '/Users/davidm/Documents/repos/ucl/COMP0246_Labs/lab1submission/ros2_ws/install/py_srvcli/share/py_srvcli/package.zsh'
[5.787s] Level 1:colcon.colcon_core.environment:create_file_with_runtime_dependencies(/Users/davidm/Documents/repos/ucl/COMP0246_Labs/lab1submission/ros2_ws/install/py_srvcli/share/colcon-core/packages/py_srvcli)
[6.940s] Level 1:colcon.colcon_core.environment:checking '/Users/davidm/Documents/repos/ucl/COMP0246_Labs/lab1submission/ros2_ws/install/transform_helpers' for CMake module files
[6.941s] DEBUG:colcon.colcon_core.event_handler.log_command:Invoked command in '/Users/davidm/Documents/repos/ucl/COMP0246_Labs/lab1submission/ros2_ws/src/COMP0246_Labs/lab1submission/transform_helpers' returned '0': CONDA_PROMPT_MODIFIER=(roboenv-py3.10) PYTHONPATH=/Users/davidm/Documents/repos/ucl/COMP0246_Labs/lab1submission/ros2_ws/build/transform_helpers/prefix_override:/Users/davidm/miniforge3/envs/roboenv-py3.10/lib/python3.10/site-packages/colcon_core/task/python/colcon_distutils_commands:/Users/davidm/Documents/repos/ucl/COMP0246_Labs/lab1submission/ros2_ws/install/transform_helpers/lib/python3.10/site-packages:${PYTHONPATH} SHLVL=2 _=/usr/bin/env /Users/davidm/miniforge3/envs/roboenv-py3.10/bin/python -W ignore:setup.py install is deprecated -W ignore:easy_install command is deprecated setup.py egg_info --egg-base ../../../../build/transform_helpers build --build-base /Users/davidm/Documents/repos/ucl/COMP0246_Labs/lab1submission/ros2_ws/build/transform_helpers/build install --record /Users/davidm/Documents/repos/ucl/COMP0246_Labs/lab1submission/ros2_ws/build/transform_helpers/install.log --single-version-externally-managed install_data
[6.941s] Level 1:colcon.colcon_core.environment:checking '/Users/davidm/Documents/repos/ucl/COMP0246_Labs/lab1submission/ros2_ws/install/transform_helpers' for CMake config files
[6.942s] Level 1:colcon.colcon_core.environment:checking '/Users/davidm/Documents/repos/ucl/COMP0246_Labs/lab1submission/ros2_ws/install/transform_helpers/lib'
[6.942s] Level 1:colcon.colcon_core.environment:checking '/Users/davidm/Documents/repos/ucl/COMP0246_Labs/lab1submission/ros2_ws/install/transform_helpers/bin'
[6.942s] Level 1:colcon.colcon_core.environment:checking '/Users/davidm/Documents/repos/ucl/COMP0246_Labs/lab1submission/ros2_ws/install/transform_helpers/lib/pkgconfig/transform_helpers.pc'
[6.943s] Level 1:colcon.colcon_core.environment:checking '/Users/davidm/Documents/repos/ucl/COMP0246_Labs/lab1submission/ros2_ws/install/transform_helpers/lib/python3.10/site-packages'
[6.943s] Level 1:colcon.colcon_core.shell:create_environment_hook('transform_helpers', 'pythonpath')
[6.943s] INFO:colcon.colcon_core.shell:Creating environment hook '/Users/davidm/Documents/repos/ucl/COMP0246_Labs/lab1submission/ros2_ws/install/transform_helpers/share/transform_helpers/hook/pythonpath.ps1'
[6.944s] INFO:colcon.colcon_core.shell:Creating environment descriptor '/Users/davidm/Documents/repos/ucl/COMP0246_Labs/lab1submission/ros2_ws/install/transform_helpers/share/transform_helpers/hook/pythonpath.dsv'
[6.944s] INFO:colcon.colcon_core.shell:Creating environment hook '/Users/davidm/Documents/repos/ucl/COMP0246_Labs/lab1submission/ros2_ws/install/transform_helpers/share/transform_helpers/hook/pythonpath.sh'
[6.945s] Level 1:colcon.colcon_core.environment:checking '/Users/davidm/Documents/repos/ucl/COMP0246_Labs/lab1submission/ros2_ws/install/transform_helpers/bin'
[6.945s] Level 1:colcon.colcon_core.environment:create_environment_scripts_only(transform_helpers)
[6.945s] INFO:colcon.colcon_core.shell:Creating package script '/Users/davidm/Documents/repos/ucl/COMP0246_Labs/lab1submission/ros2_ws/install/transform_helpers/share/transform_helpers/package.ps1'
[6.946s] INFO:colcon.colcon_core.shell:Creating package descriptor '/Users/davidm/Documents/repos/ucl/COMP0246_Labs/lab1submission/ros2_ws/install/transform_helpers/share/transform_helpers/package.dsv'
[6.946s] INFO:colcon.colcon_core.shell:Creating package script '/Users/davidm/Documents/repos/ucl/COMP0246_Labs/lab1submission/ros2_ws/install/transform_helpers/share/transform_helpers/package.sh'
[6.947s] INFO:colcon.colcon_core.shell:Creating package script '/Users/davidm/Documents/repos/ucl/COMP0246_Labs/lab1submission/ros2_ws/install/transform_helpers/share/transform_helpers/package.bash'
[6.947s] INFO:colcon.colcon_core.shell:Creating package script '/Users/davidm/Documents/repos/ucl/COMP0246_Labs/lab1submission/ros2_ws/install/transform_helpers/share/transform_helpers/package.zsh'
[6.948s] Level 1:colcon.colcon_core.environment:create_file_with_runtime_dependencies(/Users/davidm/Documents/repos/ucl/COMP0246_Labs/lab1submission/ros2_ws/install/transform_helpers/share/colcon-core/packages/transform_helpers)
[6.949s] INFO:colcon.colcon_ros.task.ament_python.build:Building ROS package in '/Users/davidm/Documents/repos/ucl/COMP0246_Labs/lab1submission/ros2_ws/src/COMP0246_Labs/final_lab/youbot_kinematics' with build type 'ament_python'
[6.949s] Level 1:colcon.colcon_core.shell:create_environment_hook('youbot_kinematics', 'ament_prefix_path')
[6.950s] INFO:colcon.colcon_core.shell:Creating environment hook '/Users/davidm/Documents/repos/ucl/COMP0246_Labs/lab1submission/ros2_ws/install/youbot_kinematics/share/youbot_kinematics/hook/ament_prefix_path.ps1'
[6.951s] INFO:colcon.colcon_core.shell:Creating environment descriptor '/Users/davidm/Documents/repos/ucl/COMP0246_Labs/lab1submission/ros2_ws/install/youbot_kinematics/share/youbot_kinematics/hook/ament_prefix_path.dsv'
[6.952s] INFO:colcon.colcon_core.shell:Creating environment hook '/Users/davidm/Documents/repos/ucl/COMP0246_Labs/lab1submission/ros2_ws/install/youbot_kinematics/share/youbot_kinematics/hook/ament_prefix_path.sh'
[6.954s] INFO:colcon.colcon_core.shell:Skip shell extension 'powershell' for command environment: Not usable outside of PowerShell
[6.954s] DEBUG:colcon.colcon_core.shell:Skip shell extension 'dsv' for command environment
[7.859s] INFO:colcon.colcon_core.task.python.build:Building Python package in '/Users/davidm/Documents/repos/ucl/COMP0246_Labs/lab1submission/ros2_ws/src/COMP0246_Labs/final_lab/youbot_kinematics'
[7.860s] INFO:colcon.colcon_core.shell:Skip shell extension 'powershell' for command environment: Not usable outside of PowerShell
[7.860s] DEBUG:colcon.colcon_core.shell:Skip shell extension 'dsv' for command environment
[9.133s] DEBUG:colcon.colcon_core.event_handler.log_command:Invoking command in '/Users/davidm/Documents/repos/ucl/COMP0246_Labs/lab1submission/ros2_ws/src/COMP0246_Labs/final_lab/youbot_kinematics': AMENT_PREFIX_PATH=/Users/davidm/Documents/repos/ucl/COMP0246_Labs/lab1submission/ros2_ws/install/transform_helpers:/Users/davidm/Documents/repos/ucl/COMP0246_Labs/lab1submission/ros2_ws/install/youbot_description:/Users/davidm/Documents/repos/ucl/COMP0246_Labs/lab1submission/ros2_ws/install/youbot_kinematics:/Users/davidm/Documents/repos/ucl/COMP0246_Labs/lab1submission/ros2_ws/install/py_srvcli:/Users/davidm/Documents/repos/ucl/COMP0246_Labs/lab1submission/ros2_ws/install/franka_description:/Users/davidm/miniforge3/envs/roboenv-py3.10 CONDA_PROMPT_MODIFIER=(roboenv-py3.10) PYTHONPATH=/Users/davidm/Documents/repos/ucl/COMP0246_Labs/lab1submission/ros2_ws/build/youbot_kinematics/prefix_override:/Users/davidm/miniforge3/envs/roboenv-py3.10/lib/python3.10/site-packages/colcon_core/task/python/colcon_distutils_commands:/Users/davidm/Documents/repos/ucl/COMP0246_Labs/lab1submission/ros2_ws/install/youbot_kinematics/lib/python3.10/site-packages:/Users/davidm/Documents/repos/ucl/COMP0246_Labs/lab1submission/ros2_ws/install/transform_helpers/lib/python3.10/site-packages:/Users/davidm/Documents/repos/ucl/COMP0246_Labs/lab1submission/ros2_ws/install/youbot_description/lib/python3.10/site-packages:/Users/davidm/Documents/repos/ucl/COMP0246_Labs/lab1submission/ros2_ws/install/youbot_kinematics/lib/python3.10/site-packages:/Users/davidm/Documents/repos/ucl/COMP0246_Labs/lab1submission/ros2_ws/install/py_srvcli/lib/python3.10/site-packages:/Users/davidm/miniforge3/envs/roboenv-py3.10/lib/python310/site-packages:/Users/davidm/miniforge3/envs/roboenv-py3.10/lib/python3.10/site-packages SHLVL=2 _=/usr/bin/env /Users/davidm/miniforge3/envs/roboenv-py3.10/bin/python -W ignore:setup.py install is deprecated -W ignore:easy_install command is deprecated setup.py egg_info --egg-base ../../../../build/youbot_kinematics build --build-base /Users/davidm/Documents/repos/ucl/COMP0246_Labs/lab1submission/ros2_ws/build/youbot_kinematics/build install --record /Users/davidm/Documents/repos/ucl/COMP0246_Labs/lab1submission/ros2_ws/build/youbot_kinematics/install.log --single-version-externally-managed install_data
[11.095s] Level 1:colcon.colcon_core.environment:checking '/Users/davidm/Documents/repos/ucl/COMP0246_Labs/lab1submission/ros2_ws/install/youbot_kinematics' for CMake module files
[11.096s] DEBUG:colcon.colcon_core.event_handler.log_command:Invoked command in '/Users/davidm/Documents/repos/ucl/COMP0246_Labs/lab1submission/ros2_ws/src/COMP0246_Labs/final_lab/youbot_kinematics' returned '0': AMENT_PREFIX_PATH=/Users/davidm/Documents/repos/ucl/COMP0246_Labs/lab1submission/ros2_ws/install/transform_helpers:/Users/davidm/Documents/repos/ucl/COMP0246_Labs/lab1submission/ros2_ws/install/youbot_description:/Users/davidm/Documents/repos/ucl/COMP0246_Labs/lab1submission/ros2_ws/install/youbot_kinematics:/Users/davidm/Documents/repos/ucl/COMP0246_Labs/lab1submission/ros2_ws/install/py_srvcli:/Users/davidm/Documents/repos/ucl/COMP0246_Labs/lab1submission/ros2_ws/install/franka_description:/Users/davidm/miniforge3/envs/roboenv-py3.10 CONDA_PROMPT_MODIFIER=(roboenv-py3.10) PYTHONPATH=/Users/davidm/Documents/repos/ucl/COMP0246_Labs/lab1submission/ros2_ws/build/youbot_kinematics/prefix_override:/Users/davidm/miniforge3/envs/roboenv-py3.10/lib/python3.10/site-packages/colcon_core/task/python/colcon_distutils_commands:/Users/davidm/Documents/repos/ucl/COMP0246_Labs/lab1submission/ros2_ws/install/youbot_kinematics/lib/python3.10/site-packages:/Users/davidm/Documents/repos/ucl/COMP0246_Labs/lab1submission/ros2_ws/install/transform_helpers/lib/python3.10/site-packages:/Users/davidm/Documents/repos/ucl/COMP0246_Labs/lab1submission/ros2_ws/install/youbot_description/lib/python3.10/site-packages:/Users/davidm/Documents/repos/ucl/COMP0246_Labs/lab1submission/ros2_ws/install/youbot_kinematics/lib/python3.10/site-packages:/Users/davidm/Documents/repos/ucl/COMP0246_Labs/lab1submission/ros2_ws/install/py_srvcli/lib/python3.10/site-packages:/Users/davidm/miniforge3/envs/roboenv-py3.10/lib/python310/site-packages:/Users/davidm/miniforge3/envs/roboenv-py3.10/lib/python3.10/site-packages SHLVL=2 _=/usr/bin/env /Users/davidm/miniforge3/envs/roboenv-py3.10/bin/python -W ignore:setup.py install is deprecated -W ignore:easy_install command is deprecated setup.py egg_info --egg-base ../../../../build/youbot_kinematics build --build-base /Users/davidm/Documents/repos/ucl/COMP0246_Labs/lab1submission/ros2_ws/build/youbot_kinematics/build install --record /Users/davidm/Documents/repos/ucl/COMP0246_Labs/lab1submission/ros2_ws/build/youbot_kinematics/install.log --single-version-externally-managed install_data
[11.096s] Level 1:colcon.colcon_core.environment:checking '/Users/davidm/Documents/repos/ucl/COMP0246_Labs/lab1submission/ros2_ws/install/youbot_kinematics' for CMake config files
[11.098s] Level 1:colcon.colcon_core.environment:checking '/Users/davidm/Documents/repos/ucl/COMP0246_Labs/lab1submission/ros2_ws/install/youbot_kinematics/lib'
[11.098s] Level 1:colcon.colcon_core.environment:checking '/Users/davidm/Documents/repos/ucl/COMP0246_Labs/lab1submission/ros2_ws/install/youbot_kinematics/bin'
[11.098s] Level 1:colcon.colcon_core.environment:checking '/Users/davidm/Documents/repos/ucl/COMP0246_Labs/lab1submission/ros2_ws/install/youbot_kinematics/lib/pkgconfig/youbot_kinematics.pc'
[11.098s] Level 1:colcon.colcon_core.environment:checking '/Users/davidm/Documents/repos/ucl/COMP0246_Labs/lab1submission/ros2_ws/install/youbot_kinematics/lib/python3.10/site-packages'
[11.098s] Level 1:colcon.colcon_core.shell:create_environment_hook('youbot_kinematics', 'pythonpath')
[11.099s] INFO:colcon.colcon_core.shell:Creating environment hook '/Users/davidm/Documents/repos/ucl/COMP0246_Labs/lab1submission/ros2_ws/install/youbot_kinematics/share/youbot_kinematics/hook/pythonpath.ps1'
[11.100s] INFO:colcon.colcon_core.shell:Creating environment descriptor '/Users/davidm/Documents/repos/ucl/COMP0246_Labs/lab1submission/ros2_ws/install/youbot_kinematics/share/youbot_kinematics/hook/pythonpath.dsv'
[11.100s] INFO:colcon.colcon_core.shell:Creating environment hook '/Users/davidm/Documents/repos/ucl/COMP0246_Labs/lab1submission/ros2_ws/install/youbot_kinematics/share/youbot_kinematics/hook/pythonpath.sh'
[11.101s] Level 1:colcon.colcon_core.environment:checking '/Users/davidm/Documents/repos/ucl/COMP0246_Labs/lab1submission/ros2_ws/install/youbot_kinematics/bin'
[11.101s] Level 1:colcon.colcon_core.environment:create_environment_scripts_only(youbot_kinematics)
[11.101s] INFO:colcon.colcon_core.shell:Creating package script '/Users/davidm/Documents/repos/ucl/COMP0246_Labs/lab1submission/ros2_ws/install/youbot_kinematics/share/youbot_kinematics/package.ps1'
[11.102s] INFO:colcon.colcon_core.shell:Creating package descriptor '/Users/davidm/Documents/repos/ucl/COMP0246_Labs/lab1submission/ros2_ws/install/youbot_kinematics/share/youbot_kinematics/package.dsv'
[11.103s] INFO:colcon.colcon_core.shell:Creating package script '/Users/davidm/Documents/repos/ucl/COMP0246_Labs/lab1submission/ros2_ws/install/youbot_kinematics/share/youbot_kinematics/package.sh'
[11.103s] INFO:colcon.colcon_core.shell:Creating package script '/Users/davidm/Documents/repos/ucl/COMP0246_Labs/lab1submission/ros2_ws/install/youbot_kinematics/share/youbot_kinematics/package.bash'
[11.104s] INFO:colcon.colcon_core.shell:Creating package script '/Users/davidm/Documents/repos/ucl/COMP0246_Labs/lab1submission/ros2_ws/install/youbot_kinematics/share/youbot_kinematics/package.zsh'
[11.104s] Level 1:colcon.colcon_core.environment:create_file_with_runtime_dependencies(/Users/davidm/Documents/repos/ucl/COMP0246_Labs/lab1submission/ros2_ws/install/youbot_kinematics/share/colcon-core/packages/youbot_kinematics)
[11.106s] DEBUG:colcon.colcon_parallel_executor.executor.parallel:closing loop
[11.106s] DEBUG:colcon.colcon_parallel_executor.executor.parallel:loop closed
[11.106s] DEBUG:colcon.colcon_parallel_executor.executor.parallel:run_until_complete finished with '0'
[11.106s] DEBUG:colcon.colcon_core.event_reactor:joining thread
[11.109s] INFO:colcon.colcon_core.plugin_system:Skipping extension 'colcon_notification.desktop_notification.notify2': 'notify2' not found
[11.109s] INFO:colcon.colcon_core.plugin_system:Skipping extension 'colcon_notification.desktop_notification.notify_send': Not used on non-Linux systems
[11.109s] INFO:colcon.colcon_core.plugin_system:Skipping extension 'colcon_notification.desktop_notification.win32': Not used on non-Windows systems
[11.109s] INFO:colcon.colcon_notification.desktop_notification:Sending desktop notification using 'terminal_notifier'
[11.184s] DEBUG:colcon.colcon_core.event_reactor:joined thread
[11.185s] INFO:colcon.colcon_core.shell:Creating prefix script '/Users/davidm/Documents/repos/ucl/COMP0246_Labs/lab1submission/ros2_ws/install/local_setup.ps1'
[11.187s] INFO:colcon.colcon_core.shell:Creating prefix util module '/Users/davidm/Documents/repos/ucl/COMP0246_Labs/lab1submission/ros2_ws/install/_local_setup_util_ps1.py'
[11.190s] INFO:colcon.colcon_core.shell:Creating prefix chain script '/Users/davidm/Documents/repos/ucl/COMP0246_Labs/lab1submission/ros2_ws/install/setup.ps1'
[11.192s] INFO:colcon.colcon_core.shell:Creating prefix script '/Users/davidm/Documents/repos/ucl/COMP0246_Labs/lab1submission/ros2_ws/install/local_setup.sh'
[11.193s] INFO:colcon.colcon_core.shell:Creating prefix util module '/Users/davidm/Documents/repos/ucl/COMP0246_Labs/lab1submission/ros2_ws/install/_local_setup_util_sh.py'
[11.194s] INFO:colcon.colcon_core.shell:Creating prefix chain script '/Users/davidm/Documents/repos/ucl/COMP0246_Labs/lab1submission/ros2_ws/install/setup.sh'
[11.196s] INFO:colcon.colcon_core.shell:Creating prefix script '/Users/davidm/Documents/repos/ucl/COMP0246_Labs/lab1submission/ros2_ws/install/local_setup.bash'
[11.197s] INFO:colcon.colcon_core.shell:Creating prefix chain script '/Users/davidm/Documents/repos/ucl/COMP0246_Labs/lab1submission/ros2_ws/install/setup.bash'
[11.200s] INFO:colcon.colcon_core.shell:Creating prefix script '/Users/davidm/Documents/repos/ucl/COMP0246_Labs/lab1submission/ros2_ws/install/local_setup.zsh'
[11.202s] INFO:colcon.colcon_core.shell:Creating prefix chain script '/Users/davidm/Documents/repos/ucl/COMP0246_Labs/lab1submission/ros2_ws/install/setup.zsh'
