[5.214s] Invoking command in '/Users/davidm/Documents/repos/ucl/COMP0246_Labs/lab1submission/ros2_ws/src/COMP0246_Labs/py_srvcli': CONDA_PROMPT_MODIFIER=(roboenv-py3.10) PYTHONPATH=/Users/davidm/Documents/repos/ucl/COMP0246_Labs/lab1submission/ros2_ws/build/py_srvcli/prefix_override:/Users/davidm/miniforge3/envs/roboenv-py3.10/lib/python3.10/site-packages/colcon_core/task/python/colcon_distutils_commands:/Users/davidm/Documents/repos/ucl/COMP0246_Labs/lab1submission/ros2_ws/install/py_srvcli/lib/python3.10/site-packages:${PYTHONPATH} SHLVL=2 _=/usr/bin/env /Users/davidm/miniforge3/envs/roboenv-py3.10/bin/python -W ignore:setup.py install is deprecated -W ignore:easy_install command is deprecated setup.py egg_info --egg-base ../../../build/py_srvcli build --build-base /Users/davidm/Documents/repos/ucl/COMP0246_Labs/lab1submission/ros2_ws/build/py_srvcli/build install --record /Users/davidm/Documents/repos/ucl/COMP0246_Labs/lab1submission/ros2_ws/build/py_srvcli/install.log --single-version-externally-managed install_data
[6.822s] running egg_info
[6.822s] creating ../../../build/py_srvcli/py_srvcli.egg-info
[6.927s] writing ../../../build/py_srvcli/py_srvcli.egg-info/PKG-INFO
[7.008s] writing dependency_links to ../../../build/py_srvcli/py_srvcli.egg-info/dependency_links.txt
[7.260s] writing entry points to ../../../build/py_srvcli/py_srvcli.egg-info/entry_points.txt
[7.420s] writing requirements to ../../../build/py_srvcli/py_srvcli.egg-info/requires.txt
[7.502s] writing top-level names to ../../../build/py_srvcli/py_srvcli.egg-info/top_level.txt
[7.502s] writing manifest file '../../../build/py_srvcli/py_srvcli.egg-info/SOURCES.txt'
[7.636s] reading manifest file '../../../build/py_srvcli/py_srvcli.egg-info/SOURCES.txt'
[7.637s] adding license file 'LICENSE'
[7.638s] writing manifest file '../../../build/py_srvcli/py_srvcli.egg-info/SOURCES.txt'
[7.638s] running build
[7.639s] running build_py
[7.639s] creating /Users/davidm/Documents/repos/ucl/COMP0246_Labs/lab1submission/ros2_ws/build/py_srvcli/build
[7.639s] creating /Users/davidm/Documents/repos/ucl/COMP0246_Labs/lab1submission/ros2_ws/build/py_srvcli/build/lib
[7.640s] creating /Users/davidm/Documents/repos/ucl/COMP0246_Labs/lab1submission/ros2_ws/build/py_srvcli/build/lib/py_srvcli
[7.640s] copying py_srvcli/service_member_function.py -> /Users/davidm/Documents/repos/ucl/COMP0246_Labs/lab1submission/ros2_ws/build/py_srvcli/build/lib/py_srvcli
[7.640s] copying py_srvcli/__init__.py -> /Users/davidm/Documents/repos/ucl/COMP0246_Labs/lab1submission/ros2_ws/build/py_srvcli/build/lib/py_srvcli
[7.641s] copying py_srvcli/client_member_function.py -> /Users/davidm/Documents/repos/ucl/COMP0246_Labs/lab1submission/ros2_ws/build/py_srvcli/build/lib/py_srvcli
[7.642s] running install
[7.651s] running install_lib
[7.781s] creating /Users/davidm/Documents/repos/ucl/COMP0246_Labs/lab1submission/ros2_ws/install/py_srvcli/lib/python3.10/site-packages/py_srvcli
[7.781s] copying /Users/davidm/Documents/repos/ucl/COMP0246_Labs/lab1submission/ros2_ws/build/py_srvcli/build/lib/py_srvcli/service_member_function.py -> /Users/davidm/Documents/repos/ucl/COMP0246_Labs/lab1submission/ros2_ws/install/py_srvcli/lib/python3.10/site-packages/py_srvcli
[7.781s] copying /Users/davidm/Documents/repos/ucl/COMP0246_Labs/lab1submission/ros2_ws/build/py_srvcli/build/lib/py_srvcli/__init__.py -> /Users/davidm/Documents/repos/ucl/COMP0246_Labs/lab1submission/ros2_ws/install/py_srvcli/lib/python3.10/site-packages/py_srvcli
[7.782s] copying /Users/davidm/Documents/repos/ucl/COMP0246_Labs/lab1submission/ros2_ws/build/py_srvcli/build/lib/py_srvcli/client_member_function.py -> /Users/davidm/Documents/repos/ucl/COMP0246_Labs/lab1submission/ros2_ws/install/py_srvcli/lib/python3.10/site-packages/py_srvcli
[7.784s] byte-compiling /Users/davidm/Documents/repos/ucl/COMP0246_Labs/lab1submission/ros2_ws/install/py_srvcli/lib/python3.10/site-packages/py_srvcli/service_member_function.py to service_member_function.cpython-310.pyc
[7.786s] byte-compiling /Users/davidm/Documents/repos/ucl/COMP0246_Labs/lab1submission/ros2_ws/install/py_srvcli/lib/python3.10/site-packages/py_srvcli/__init__.py to __init__.cpython-310.pyc
[7.787s] byte-compiling /Users/davidm/Documents/repos/ucl/COMP0246_Labs/lab1submission/ros2_ws/install/py_srvcli/lib/python3.10/site-packages/py_srvcli/client_member_function.py to client_member_function.cpython-310.pyc
[7.790s] running install_data
[7.794s] creating /Users/davidm/Documents/repos/ucl/COMP0246_Labs/lab1submission/ros2_ws/install/py_srvcli/share/ament_index
[7.798s] creating /Users/davidm/Documents/repos/ucl/COMP0246_Labs/lab1submission/ros2_ws/install/py_srvcli/share/ament_index/resource_index
[7.798s] creating /Users/davidm/Documents/repos/ucl/COMP0246_Labs/lab1submission/ros2_ws/install/py_srvcli/share/ament_index/resource_index/packages
[7.798s] copying resource/py_srvcli -> /Users/davidm/Documents/repos/ucl/COMP0246_Labs/lab1submission/ros2_ws/install/py_srvcli/share/ament_index/resource_index/packages
[7.799s] copying package.xml -> /Users/davidm/Documents/repos/ucl/COMP0246_Labs/lab1submission/ros2_ws/install/py_srvcli/share/py_srvcli
[7.800s] running install_egg_info
[7.991s] Copying ../../../build/py_srvcli/py_srvcli.egg-info to /Users/davidm/Documents/repos/ucl/COMP0246_Labs/lab1submission/ros2_ws/install/py_srvcli/lib/python3.10/site-packages/py_srvcli-0.0.0-py3.10.egg-info
[7.997s] running install_scripts
[8.242s] Installing client script to /Users/davidm/Documents/repos/ucl/COMP0246_Labs/lab1submission/ros2_ws/install/py_srvcli/lib/py_srvcli
[8.243s] Installing service script to /Users/davidm/Documents/repos/ucl/COMP0246_Labs/lab1submission/ros2_ws/install/py_srvcli/lib/py_srvcli
[8.244s] writing list of installed files to '/Users/davidm/Documents/repos/ucl/COMP0246_Labs/lab1submission/ros2_ws/build/py_srvcli/install.log'
[8.314s] Invoked command in '/Users/davidm/Documents/repos/ucl/COMP0246_Labs/lab1submission/ros2_ws/src/COMP0246_Labs/py_srvcli' returned '0': CONDA_PROMPT_MODIFIER=(roboenv-py3.10) PYTHONPATH=/Users/davidm/Documents/repos/ucl/COMP0246_Labs/lab1submission/ros2_ws/build/py_srvcli/prefix_override:/Users/davidm/miniforge3/envs/roboenv-py3.10/lib/python3.10/site-packages/colcon_core/task/python/colcon_distutils_commands:/Users/davidm/Documents/repos/ucl/COMP0246_Labs/lab1submission/ros2_ws/install/py_srvcli/lib/python3.10/site-packages:${PYTHONPATH} SHLVL=2 _=/usr/bin/env /Users/davidm/miniforge3/envs/roboenv-py3.10/bin/python -W ignore:setup.py install is deprecated -W ignore:easy_install command is deprecated setup.py egg_info --egg-base ../../../build/py_srvcli build --build-base /Users/davidm/Documents/repos/ucl/COMP0246_Labs/lab1submission/ros2_ws/build/py_srvcli/build install --record /Users/davidm/Documents/repos/ucl/COMP0246_Labs/lab1submission/ros2_ws/build/py_srvcli/install.log --single-version-externally-managed install_data
